Archive member included to satisfy reference by file (symbol)

c:/st/stm32cubeide_1.11.0/stm32cubeide/plugins/com.st.stm32cube.ide.mcu.externaltools.gnu-tools-for-stm32.10.3-2021.10.win32_1.0.100.202210260954/tools/bin/../lib/gcc/arm-none-eabi/10.3.1/../../../../arm-none-eabi/lib/thumb/v7e-m+fp/hard\libc_nano.a(lib_a-errno.o)
                              ./Core/Src/syscalls.o (__errno)
c:/st/stm32cubeide_1.11.0/stm32cubeide/plugins/com.st.stm32cube.ide.mcu.externaltools.gnu-tools-for-stm32.10.3-2021.10.win32_1.0.100.202210260954/tools/bin/../lib/gcc/arm-none-eabi/10.3.1/../../../../arm-none-eabi/lib/thumb/v7e-m+fp/hard\libc_nano.a(lib_a-exit.o)
                              c:/st/stm32cubeide_1.11.0/stm32cubeide/plugins/com.st.stm32cube.ide.mcu.externaltools.gnu-tools-for-stm32.10.3-2021.10.win32_1.0.100.202210260954/tools/bin/../lib/gcc/arm-none-eabi/10.3.1/../../../../arm-none-eabi/lib/thumb/v7e-m+fp/hard/crt0.o (exit)
c:/st/stm32cubeide_1.11.0/stm32cubeide/plugins/com.st.stm32cube.ide.mcu.externaltools.gnu-tools-for-stm32.10.3-2021.10.win32_1.0.100.202210260954/tools/bin/../lib/gcc/arm-none-eabi/10.3.1/../../../../arm-none-eabi/lib/thumb/v7e-m+fp/hard\libc_nano.a(lib_a-findfp.o)
                              ./Middlewares/Third_Party/FreeRTOS/Source/tasks.o (__sf_fake_stderr)
c:/st/stm32cubeide_1.11.0/stm32cubeide/plugins/com.st.stm32cube.ide.mcu.externaltools.gnu-tools-for-stm32.10.3-2021.10.win32_1.0.100.202210260954/tools/bin/../lib/gcc/arm-none-eabi/10.3.1/../../../../arm-none-eabi/lib/thumb/v7e-m+fp/hard\libc_nano.a(lib_a-fwalk.o)
                              c:/st/stm32cubeide_1.11.0/stm32cubeide/plugins/com.st.stm32cube.ide.mcu.externaltools.gnu-tools-for-stm32.10.3-2021.10.win32_1.0.100.202210260954/tools/bin/../lib/gcc/arm-none-eabi/10.3.1/../../../../arm-none-eabi/lib/thumb/v7e-m+fp/hard\libc_nano.a(lib_a-findfp.o) (_fwalk)
c:/st/stm32cubeide_1.11.0/stm32cubeide/plugins/com.st.stm32cube.ide.mcu.externaltools.gnu-tools-for-stm32.10.3-2021.10.win32_1.0.100.202210260954/tools/bin/../lib/gcc/arm-none-eabi/10.3.1/../../../../arm-none-eabi/lib/thumb/v7e-m+fp/hard\libc_nano.a(lib_a-impure.o)
                              c:/st/stm32cubeide_1.11.0/stm32cubeide/plugins/com.st.stm32cube.ide.mcu.externaltools.gnu-tools-for-stm32.10.3-2021.10.win32_1.0.100.202210260954/tools/bin/../lib/gcc/arm-none-eabi/10.3.1/../../../../arm-none-eabi/lib/thumb/v7e-m+fp/hard\libc_nano.a(lib_a-exit.o) (_global_impure_ptr)
c:/st/stm32cubeide_1.11.0/stm32cubeide/plugins/com.st.stm32cube.ide.mcu.externaltools.gnu-tools-for-stm32.10.3-2021.10.win32_1.0.100.202210260954/tools/bin/../lib/gcc/arm-none-eabi/10.3.1/../../../../arm-none-eabi/lib/thumb/v7e-m+fp/hard\libc_nano.a(lib_a-init.o)
                              c:/st/stm32cubeide_1.11.0/stm32cubeide/plugins/com.st.stm32cube.ide.mcu.externaltools.gnu-tools-for-stm32.10.3-2021.10.win32_1.0.100.202210260954/tools/bin/../lib/gcc/arm-none-eabi/10.3.1/../../../../arm-none-eabi/lib/thumb/v7e-m+fp/hard/crt0.o (__libc_init_array)
c:/st/stm32cubeide_1.11.0/stm32cubeide/plugins/com.st.stm32cube.ide.mcu.externaltools.gnu-tools-for-stm32.10.3-2021.10.win32_1.0.100.202210260954/tools/bin/../lib/gcc/arm-none-eabi/10.3.1/../../../../arm-none-eabi/lib/thumb/v7e-m+fp/hard\libc_nano.a(lib_a-lock.o)
                              c:/st/stm32cubeide_1.11.0/stm32cubeide/plugins/com.st.stm32cube.ide.mcu.externaltools.gnu-tools-for-stm32.10.3-2021.10.win32_1.0.100.202210260954/tools/bin/../lib/gcc/arm-none-eabi/10.3.1/../../../../arm-none-eabi/lib/thumb/v7e-m+fp/hard\libc_nano.a(lib_a-findfp.o) (__retarget_lock_init_recursive)
c:/st/stm32cubeide_1.11.0/stm32cubeide/plugins/com.st.stm32cube.ide.mcu.externaltools.gnu-tools-for-stm32.10.3-2021.10.win32_1.0.100.202210260954/tools/bin/../lib/gcc/arm-none-eabi/10.3.1/../../../../arm-none-eabi/lib/thumb/v7e-m+fp/hard\libc_nano.a(lib_a-memcpy-stub.o)
                              ./Core/Tracelyzer/trcSnapshotRecorder.o (memcpy)
c:/st/stm32cubeide_1.11.0/stm32cubeide/plugins/com.st.stm32cube.ide.mcu.externaltools.gnu-tools-for-stm32.10.3-2021.10.win32_1.0.100.202210260954/tools/bin/../lib/gcc/arm-none-eabi/10.3.1/../../../../arm-none-eabi/lib/thumb/v7e-m+fp/hard\libc_nano.a(lib_a-memset.o)
                              c:/st/stm32cubeide_1.11.0/stm32cubeide/plugins/com.st.stm32cube.ide.mcu.externaltools.gnu-tools-for-stm32.10.3-2021.10.win32_1.0.100.202210260954/tools/bin/../lib/gcc/arm-none-eabi/10.3.1/../../../../arm-none-eabi/lib/thumb/v7e-m+fp/hard/crt0.o (memset)
c:/st/stm32cubeide_1.11.0/stm32cubeide/plugins/com.st.stm32cube.ide.mcu.externaltools.gnu-tools-for-stm32.10.3-2021.10.win32_1.0.100.202210260954/tools/bin/../lib/gcc/arm-none-eabi/10.3.1/../../../../arm-none-eabi/lib/thumb/v7e-m+fp/hard\libc_nano.a(lib_a-nano-mallocr.o)
[...]
Memory Configuration

Name             Origin             Length             Attributes
RAM              0x0000000020000000 0x0000000000018000 xrw
FLASH            0x0000000008000000 0x0000000000080000 xr
*default*        0x0000000000000000 0xffffffffffffffff

Linker script and memory map

LOAD c:/st/stm32cubeide_1.11.0/stm32cubeide/plugins/com.st.stm32cube.ide.mcu.externaltools.gnu-tools-for-stm32.10.3-2021.10.win32_1.0.100.202210260954/tools/bin/../lib/gcc/arm-none-eabi/10.3.1/thumb/v7e-m+fp/hard/crti.o
LOAD c:/st/stm32cubeide_1.11.0/stm32cubeide/plugins/com.st.stm32cube.ide.mcu.externaltools.gnu-tools-for-stm32.10.3-2021.10.win32_1.0.100.202210260954/tools/bin/../lib/gcc/arm-none-eabi/10.3.1/thumb/v7e-m+fp/hard/crtbegin.o
LOAD c:/st/stm32cubeide_1.11.0/stm32cubeide/plugins/com.st.stm32cube.ide.mcu.externaltools.gnu-tools-for-stm32.10.3-2021.10.win32_1.0.100.202210260954/tools/bin/../lib/gcc/arm-none-eabi/10.3.1/../../../../arm-none-eabi/lib/thumb/v7e-m+fp/hard/crt0.o
LOAD ./Core/Src/freertos.o
LOAD ./Core/Src/lcd.o
LOAD ./Core/Src/main.o
LOAD ./Core/Src/stm32f4xx_hal_msp.o
LOAD ./Core/Src/stm32f4xx_hal_timebase_tim.o
LOAD ./Core/Src/stm32f4xx_it.o
LOAD ./Core/Src/syscalls.o
LOAD ./Core/Src/sysmem.o
LOAD ./Core/Src/system_stm32f4xx.o
LOAD ./Core/Src/utilities.o
LOAD ./Core/Startup/startup_stm32f401retx.o
LOAD ./Core/Tracelyzer/trcKernelPort.o
LOAD ./Core/Tracelyzer/trcSnapshotRecorder.o
LOAD ./Core/Tracelyzer/trcStreamingRecorder.o
LOAD ./Drivers/STM32F4xx_HAL_Driver/Src/stm32f4xx_hal.o
LOAD ./Drivers/STM32F4xx_HAL_Driver/Src/stm32f4xx_hal_adc.o
LOAD ./Drivers/STM32F4xx_HAL_Driver/Src/stm32f4xx_hal_adc_ex.o
LOAD ./Drivers/STM32F4xx_HAL_Driver/Src/stm32f4xx_hal_cortex.o
LOAD ./Drivers/STM32F4xx_HAL_Driver/Src/stm32f4xx_hal_dma.o
LOAD ./Drivers/STM32F4xx_HAL_Driver/Src/stm32f4xx_hal_dma_ex.o
LOAD ./Drivers/STM32F4xx_HAL_Driver/Src/stm32f4xx_hal_exti.o
LOAD ./Drivers/STM32F4xx_HAL_Driver/Src/stm32f4xx_hal_flash.o
LOAD ./Drivers/STM32F4xx_HAL_Driver/Src/stm32f4xx_hal_flash_ex.o
LOAD ./Drivers/STM32F4xx_HAL_Driver/Src/stm32f4xx_hal_flash_ramfunc.o
LOAD ./Drivers/STM32F4xx_HAL_Driver/Src/stm32f4xx_hal_gpio.o
LOAD ./Drivers/STM32F4xx_HAL_Driver/Src/stm32f4xx_hal_i2c.o
LOAD ./Drivers/STM32F4xx_HAL_Driver/Src/stm32f4xx_hal_i2c_ex.o
LOAD ./Drivers/STM32F4xx_HAL_Driver/Src/stm32f4xx_hal_pwr.o
LOAD ./Drivers/STM32F4xx_HAL_Driver/Src/stm32f4xx_hal_pwr_ex.o
LOAD ./Drivers/STM32F4xx_HAL_Driver/Src/stm32f4xx_hal_rcc.o
LOAD ./Drivers/STM32F4xx_HAL_Driver/Src/stm32f4xx_hal_rcc_ex.o
LOAD ./Drivers/STM32F4xx_HAL_Driver/Src/stm32f4xx_hal_tim.o
LOAD ./Drivers/STM32F4xx_HAL_Driver/Src/stm32f4xx_hal_tim_ex.o
LOAD ./Drivers/STM32F4xx_HAL_Driver/Src/stm32f4xx_hal_uart.o
LOAD ./Drivers/STM32F4xx_HAL_Driver/Src/stm32f4xx_ll_adc.o
LOAD ./Middlewares/Third_Party/FreeRTOS/Source/CMSIS_RTOS/cmsis_os.o
LOAD ./Middlewares/Third_Party/FreeRTOS/Source/croutine.o
LOAD ./Middlewares/Third_Party/FreeRTOS/Source/event_groups.o
LOAD ./Middlewares/Third_Party/FreeRTOS/Source/list.o
LOAD ./Middlewares/Third_Party/FreeRTOS/Source/queue.o
LOAD ./Middlewares/Third_Party/FreeRTOS/Source/stream_buffer.o
LOAD ./Middlewares/Third_Party/FreeRTOS/Source/tasks.o
LOAD ./Middlewares/Third_Party/FreeRTOS/Source/timers.o
LOAD ./Middlewares/Third_Party/FreeRTOS/Source/portable/GCC/ARM_CM4F/port.o
LOAD ./Middlewares/Third_Party/FreeRTOS/Source/portable/MemMang/heap_4.o
START GROUP
LOAD c:/st/stm32cubeide_1.11.0/stm32cubeide/plugins/com.st.stm32cube.ide.mcu.externaltools.gnu-tools-for-stm32.10.3-2021.10.win32_1.0.100.202210260954/tools/bin/../lib/gcc/arm-none-eabi/10.3.1/../../../../arm-none-eabi/lib/thumb/v7e-m+fp/hard\libc_nano.a
LOAD c:/st/stm32cubeide_1.11.0/stm32cubeide/plugins/com.st.stm32cube.ide.mcu.externaltools.gnu-tools-for-stm32.10.3-2021.10.win32_1.0.100.202210260954/tools/bin/../lib/gcc/arm-none-eabi/10.3.1/../../../../arm-none-eabi/lib/thumb/v7e-m+fp/hard\libm.a
END GROUP
START GROUP
LOAD c:/st/stm32cubeide_1.11.0/stm32cubeide/plugins/com.st.stm32cube.ide.mcu.externaltools.gnu-tools-for-stm32.10.3-2021.10.win32_1.0.100.202210260954/tools/bin/../lib/gcc/arm-none-eabi/10.3.1/thumb/v7e-m+fp/hard\libgcc.a
LOAD c:/st/stm32cubeide_1.11.0/stm32cubeide/plugins/com.st.stm32cube.ide.mcu.externaltools.gnu-tools-for-stm32.10.3-2021.10.win32_1.0.100.202210260954/tools/bin/../lib/gcc/arm-none-eabi/10.3.1/../../../../arm-none-eabi/lib/thumb/v7e-m+fp/hard\libc_nano.a
END GROUP
START GROUP
LOAD c:/st/stm32cubeide_1.11.0/stm32cubeide/plugins/com.st.stm32cube.ide.mcu.externaltools.gnu-tools-for-stm32.10.3-2021.10.win32_1.0.100.202210260954/tools/bin/../lib/gcc/arm-none-eabi/10.3.1/thumb/v7e-m+fp/hard\libgcc.a
LOAD c:/st/stm32cubeide_1.11.0/stm32cubeide/plugins/com.st.stm32cube.ide.mcu.externaltools.gnu-tools-for-stm32.10.3-2021.10.win32_1.0.100.202210260954/tools/bin/../lib/gcc/arm-none-eabi/10.3.1/../../../../arm-none-eabi/lib/thumb/v7e-m+fp/hard\libc_nano.a
LOAD c:/st/stm32cubeide_1.11.0/stm32cubeide/plugins/com.st.stm32cube.ide.mcu.externaltools.gnu-tools-for-stm32.10.3-2021.10.win32_1.0.100.202210260954/tools/bin/../lib/gcc/arm-none-eabi/10.3.1/../../../../arm-none-eabi/lib/thumb/v7e-m+fp/hard\libnosys.a
END GROUP
START GROUP
LOAD c:/st/stm32cubeide_1.11.0/stm32cubeide/plugins/com.st.stm32cube.ide.mcu.externaltools.gnu-tools-for-stm32.10.3-2021.10.win32_1.0.100.202210260954/tools/bin/../lib/gcc/arm-none-eabi/10.3.1/thumb/v7e-m+fp/hard\libgcc.a
LOAD c:/st/stm32cubeide_1.11.0/stm32cubeide/plugins/com.st.stm32cube.ide.mcu.externaltools.gnu-tools-for-stm32.10.3-2021.10.win32_1.0.100.202210260954/tools/bin/../lib/gcc/arm-none-eabi/10.3.1/../../../../arm-none-eabi/lib/thumb/v7e-m+fp/hard\libc_nano.a
LOAD c:/st/stm32cubeide_1.11.0/stm32cubeide/plugins/com.st.stm32cube.ide.mcu.externaltools.gnu-tools-for-stm32.10.3-2021.10.win32_1.0.100.202210260954/tools/bin/../lib/gcc/arm-none-eabi/10.3.1/../../../../arm-none-eabi/lib/thumb/v7e-m+fp/hard\libnosys.a
END GROUP
LOAD c:/st/stm32cubeide_1.11.0/stm32cubeide/plugins/com.st.stm32cube.ide.mcu.externaltools.gnu-tools-for-stm32.10.3-2021.10.win32_1.0.100.202210260954/tools/bin/../lib/gcc/arm-none-eabi/10.3.1/thumb/v7e-m+fp/hard/crtend.o
LOAD c:/st/stm32cubeide_1.11.0/stm32cubeide/plugins/com.st.stm32cube.ide.mcu.externaltools.gnu-tools-for-stm32.10.3-2021.10.win32_1.0.100.202210260954/tools/bin/../lib/gcc/arm-none-eabi/10.3.1/thumb/v7e-m+fp/hard/crtn.o
                0x0000000020018000                _estack = (ORIGIN (RAM) + LENGTH (RAM))
                0x0000000000000200                _Min_Heap_Size = 0x200
                0x0000000000000400                _Min_Stack_Size = 0x400

.isr_vector     0x0000000008000000      0x194
                0x0000000008000000                . = ALIGN (0x4)
 *(.isr_vector)
 .isr_vector    0x0000000008000000      0x194 ./Core/Startup/startup_stm32f401retx.o
                0x0000000008000000                g_pfnVectors
                0x0000000008000194                . = ALIGN (0x4)

.text           0x00000000080001a0     0xe5b4
                0x00000000080001a0                . = ALIGN (0x4)
 *(.text)
 .text          0x00000000080001a0       0x40 c:/st/stm32cubeide_1.11.0/stm32cubeide/plugins/com.st.stm32cube.ide.mcu.externaltools.gnu-tools-for-stm32.10.3-2021.10.win32_1.0.100.202210260954/tools/bin/../lib/gcc/arm-none-eabi/10.3.1/thumb/v7e-m+fp/hard/crtbegin.o
 .text          0x00000000080001e0       0x10 c:/st/stm32cubeide_1.11.0/stm32cubeide/plugins/com.st.stm32cube.ide.mcu.externaltools.gnu-tools-for-stm32.10.3-2021.10.win32_1.0.100.202210260954/tools/bin/../lib/gcc/arm-none-eabi/10.3.1/../../../../arm-none-eabi/lib/thumb/v7e-m+fp/hard\libc_nano.a(lib_a-strlen.o)
                0x00000000080001e0                strlen
 .text          0x00000000080001f0       0xa0 c:/st/stm32cubeide_1.11.0/stm32cubeide/plugins/com.st.stm32cube.ide.mcu.externaltools.gnu-tools-for-stm32.10.3-2021.10.win32_1.0.100.202210260954/tools/bin/../lib/gcc/arm-none-eabi/10.3.1/../../../../arm-none-eabi/lib/thumb/v7e-m+fp/hard\libc_nano.a(lib_a-memchr.o)
                0x00000000080001f0                memchr
 .text          0x0000000008000290      0x378 c:/st/stm32cubeide_1.11.0/stm32cubeide/plugins/com.st.stm32cube.ide.mcu.externaltools.gnu-tools-for-stm32.10.3-2021.10.win32_1.0.100.202210260954/tools/bin/../lib/gcc/arm-none-eabi/10.3.1/thumb/v7e-m+fp/hard\libgcc.a(_arm_addsubdf3.o)
                0x0000000008000290                __aeabi_drsub
                0x0000000008000298                __aeabi_dsub
                0x0000000008000298                __subdf3
                0x000000000800029c                __aeabi_dadd
                0x000000000800029c                __adddf3
                0x0000000008000514                __floatunsidf
                0x0000000008000514                __aeabi_ui2d
                0x0000000008000534                __floatsidf
                0x0000000008000534                __aeabi_i2d
                0x0000000008000558                __aeabi_f2d
                0x0000000008000558                __extendsfdf2
                0x000000000800059c                __floatundidf
                0x000000000800059c                __aeabi_ul2d
                0x00000000080005ac                __floatdidf
                0x00000000080005ac                __aeabi_l2d
 .text          0x0000000008000608      0x424 c:/st/stm32cubeide_1.11.0/stm32cubeide/plugins/com.st.stm32cube.ide.mcu.externaltools.gnu-tools-for-stm32.10.3-2021.10.win32_1.0.100.202210260954/tools/bin/../lib/gcc/arm-none-eabi/10.3.1/thumb/v7e-m+fp/hard\libgcc.a(_arm_muldivdf3.o)
                0x0000000008000608                __aeabi_dmul
                0x0000000008000608                __muldf3
                0x000000000800085c                __divdf3
                0x000000000800085c                __aeabi_ddiv
 .text          0x0000000008000a2c      0x110 c:/st/stm32cubeide_1.11.0/stm32cubeide/plugins/com.st.stm32cube.ide.mcu.externaltools.gnu-tools-for-stm32.10.3-2021.10.win32_1.0.100.202210260954/tools/bin/../lib/gcc/arm-none-eabi/10.3.1/thumb/v7e-m+fp/hard\libgcc.a(_arm_cmpdf2.o)
                0x0000000008000a2c                __gtdf2
                0x0000000008000a2c                __gedf2
                0x0000000008000a34                __ltdf2
                0x0000000008000a34                __ledf2
                0x0000000008000a3c                __nedf2
                0x0000000008000a3c                __eqdf2
                0x0000000008000a3c                __cmpdf2
                0x0000000008000ab8                __aeabi_cdrcmple
                0x0000000008000ac8                __aeabi_cdcmpeq
                0x0000000008000ac8                __aeabi_cdcmple
                0x0000000008000ad8                __aeabi_dcmpeq
                0x0000000008000aec                __aeabi_dcmplt
                0x0000000008000b00                __aeabi_dcmple
                0x0000000008000b14                __aeabi_dcmpge
                0x0000000008000b28                __aeabi_dcmpgt
 .text          0x0000000008000b3c       0x2c c:/st/stm32cubeide_1.11.0/stm32cubeide/plugins/com.st.stm32cube.ide.mcu.externaltools.gnu-tools-for-stm32.10.3-2021.10.win32_1.0.100.202210260954/tools/bin/../lib/gcc/arm-none-eabi/10.3.1/thumb/v7e-m+fp/hard\libgcc.a(_arm_unorddf2.o)
                0x0000000008000b3c                __unorddf2
                0x0000000008000b3c                __aeabi_dcmpun
 .text          0x0000000008000b68       0x50 c:/st/stm32cubeide_1.11.0/stm32cubeide/plugins/com.st.stm32cube.ide.mcu.externaltools.gnu-tools-for-stm32.10.3-2021.10.win32_1.0.100.202210260954/tools/bin/../lib/gcc/arm-none-eabi/10.3.1/thumb/v7e-m+fp/hard\libgcc.a(_arm_fixdfsi.o)
                0x0000000008000b68                __aeabi_d2iz
                0x0000000008000b68                __fixdfsi
 .text          0x0000000008000bb8       0xa0 c:/st/stm32cubeide_1.11.0/stm32cubeide/plugins/com.st.stm32cube.ide.mcu.externaltools.gnu-tools-for-stm32.10.3-2021.10.win32_1.0.100.202210260954/tools/bin/../lib/gcc/arm-none-eabi/10.3.1/thumb/v7e-m+fp/hard\libgcc.a(_arm_truncdfsf2.o)
                0x0000000008000bb8                __truncdfsf2
                0x0000000008000bb8                __aeabi_d2f
 .text          0x0000000008000c58      0x21c c:/st/stm32cubeide_1.11.0/stm32cubeide/plugins/com.st.stm32cube.ide.mcu.externaltools.gnu-tools-for-stm32.10.3-2021.10.win32_1.0.100.202210260954/tools/bin/../lib/gcc/arm-none-eabi/10.3.1/thumb/v7e-m+fp/hard\libgcc.a(_arm_addsubsf3.o)
                0x0000000008000c58                __aeabi_frsub
                0x0000000008000c60                __subsf3
                0x0000000008000c60                __aeabi_fsub
                0x0000000008000c64                __aeabi_fadd
                0x0000000008000c64                __addsf3
                0x0000000008000dc4                __aeabi_ui2f
                0x0000000008000dc4                __floatunsisf
                0x0000000008000dcc                __aeabi_i2f
                0x0000000008000dcc                __floatsisf
                0x0000000008000de8                __aeabi_ul2f
                0x0000000008000de8                __floatundisf
                0x0000000008000df8                __aeabi_l2f
                0x0000000008000df8                __floatdisf
 .text          0x0000000008000e74       0x30 c:/st/stm32cubeide_1.11.0/stm32cubeide/plugins/com.st.stm32cube.ide.mcu.externaltools.gnu-tools-for-stm32.10.3-2021.10.win32_1.0.100.202210260954/tools/bin/../lib/gcc/arm-none-eabi/10.3.1/thumb/v7e-m+fp/hard\libgcc.a(_aeabi_uldivmod.o)
                0x0000000008000e74                __aeabi_uldivmod
 .text          0x0000000008000ea4      0x2d0 c:/st/stm32cubeide_1.11.0/stm32cubeide/plugins/com.st.stm32cube.ide.mcu.externaltools.gnu-tools-for-stm32.10.3-2021.10.win32_1.0.100.202210260954/tools/bin/../lib/gcc/arm-none-eabi/10.3.1/thumb/v7e-m+fp/hard\libgcc.a(_udivmoddi4.o)
                0x0000000008000ea4                __udivmoddi4
 .text          0x0000000008001174        0x4 c:/st/stm32cubeide_1.11.0/stm32cubeide/plugins/com.st.stm32cube.ide.mcu.externaltools.gnu-tools-for-stm32.10.3-2021.10.win32_1.0.100.202210260954/tools/bin/../lib/gcc/arm-none-eabi/10.3.1/thumb/v7e-m+fp/hard\libgcc.a(_dvmd_tls.o)
                0x0000000008001174                __aeabi_idiv0
                0x0000000008001174                __aeabi_ldiv0
 *(.text*)
 .text.vApplicationGetIdleTaskMemory
                0x0000000008001178       0x34 ./Core/Src/freertos.o
                0x0000000008001178                vApplicationGetIdleTaskMemory
 .text.TextLCD_udelay
                0x00000000080011ac       0x4c ./Core/Src/lcd.o
                0x00000000080011ac                TextLCD_udelay
 .text.TextLCD_Strobe
                0x00000000080011f8       0x74 ./Core/Src/lcd.o
                0x00000000080011f8                TextLCD_Strobe
 .text.TextLCD_Cmd
                0x000000000800126c       0x94 ./Core/Src/lcd.o
                0x000000000800126c                TextLCD_Cmd
 .text.TextLCD_Data
                0x0000000008001300       0xa0 ./Core/Src/lcd.o
                0x0000000008001300                TextLCD_Data
 .text.TextLCD_Init
                0x00000000080013a0      0x14c ./Core/Src/lcd.o
                0x00000000080013a0                TextLCD_Init
 .text.TextLCD_Position
                0x00000000080014ec       0x5a ./Core/Src/lcd.o
                0x00000000080014ec                TextLCD_Position
 .text.TextLCD_Putchar
                0x0000000008001546       0x1e ./Core/Src/lcd.o
                0x0000000008001546                TextLCD_Putchar
 .text.TextLCD_Puts
                0x0000000008001564       0x3c ./Core/Src/lcd.o
                0x0000000008001564                TextLCD_Puts
 .text.TextLCD_CustomChar
                0x00000000080015a0       0x3e ./Core/Src/lcd.o
                0x00000000080015a0                TextLCD_CustomChar
 *fill*         0x00000000080015de        0x2 
 .text.HAL_GPIO_EXTI_Callback
                0x00000000080015e0       0x2c ./Core/Src/main.o
                0x00000000080015e0                HAL_GPIO_EXTI_Callback
 .text.main     0x000000000800160c      0x204 ./Core/Src/main.o
                0x000000000800160c                main
 .text.SystemClock_Config
                0x0000000008001810       0xd4 ./Core/Src/main.o
                0x0000000008001810                SystemClock_Config
 .text.MX_ADC1_Init
                0x00000000080018e4       0xc0 ./Core/Src/main.o
 .text.MX_I2C1_Init
                0x00000000080019a4       0x5c ./Core/Src/main.o
 .text.MX_TIM2_Init
                0x0000000008001a00       0x98 ./Core/Src/main.o
 .text.MX_TIM3_Init
                0x0000000008001a98       0x9c ./Core/Src/main.o
 .text.MX_USART2_UART_Init
                0x0000000008001b34       0x54 ./Core/Src/main.o
 .text.MX_DMA_Init
                0x0000000008001b88       0x40 ./Core/Src/main.o
 .text.MX_GPIO_Init
                0x0000000008001bc8      0x13c ./Core/Src/main.o
 .text.setRGB   0x0000000008001d04       0x70 ./Core/Src/main.o
                0x0000000008001d04                setRGB
 .text.HAL_ADC_ConvHalfCpltCallback
                0x0000000008001d74       0x34 ./Core/Src/main.o
                0x0000000008001d74                HAL_ADC_ConvHalfCpltCallback
 .text.HAL_ADC_ConvCpltCallback
                0x0000000008001da8       0x34 ./Core/Src/main.o
                0x0000000008001da8                HAL_ADC_ConvCpltCallback
 .text.StartDefaultTask
                0x0000000008001ddc       0x1c ./Core/Src/main.o
                0x0000000008001ddc                StartDefaultTask
 .text.StartBlinkyTask
                0x0000000008001df8       0x2c ./Core/Src/main.o
                0x0000000008001df8                StartBlinkyTask
 .text.StartAdcTask
                0x0000000008001e24      0x158 ./Core/Src/main.o
                0x0000000008001e24                StartAdcTask
 .text.StartRgbTask
                0x0000000008001f7c       0xf4 ./Core/Src/main.o
                0x0000000008001f7c                StartRgbTask
 .text.StartLcdPrintTask
                0x0000000008002070       0xc0 ./Core/Src/main.o
                0x0000000008002070                StartLcdPrintTask
 .text.StartCountingTask
                0x0000000008002130       0x80 ./Core/Src/main.o
                0x0000000008002130                StartCountingTask
 .text.HAL_TIM_PeriodElapsedCallback
                0x00000000080021b0       0x24 ./Core/Src/main.o
                0x00000000080021b0                HAL_TIM_PeriodElapsedCallback
 .text.Error_Handler
                0x00000000080021d4        0xa ./Core/Src/main.o
                0x00000000080021d4                Error_Handler
 *fill*         0x00000000080021de        0x2 
 .text.HAL_MspInit
                0x00000000080021e0       0x58 ./Core/Src/stm32f4xx_hal_msp.o
                0x00000000080021e0                HAL_MspInit
 .text.HAL_ADC_MspInit
                0x0000000008002238       0xf0 ./Core/Src/stm32f4xx_hal_msp.o
                0x0000000008002238                HAL_ADC_MspInit
 .text.HAL_I2C_MspInit
                0x0000000008002328       0x90 ./Core/Src/stm32f4xx_hal_msp.o
                0x0000000008002328                HAL_I2C_MspInit
 .text.HAL_TIM_Base_MspInit
                0x00000000080023b8       0x6c ./Core/Src/stm32f4xx_hal_msp.o
                0x00000000080023b8                HAL_TIM_Base_MspInit
 .text.HAL_UART_MspInit
                0x0000000008002424       0x90 ./Core/Src/stm32f4xx_hal_msp.o
                0x0000000008002424                HAL_UART_MspInit
 .text.HAL_InitTick
                0x00000000080024b4       0xe4 ./Core/Src/stm32f4xx_hal_timebase_tim.o
                0x00000000080024b4                HAL_InitTick
 .text.NMI_Handler
                0x0000000008002598        0x6 ./Core/Src/stm32f4xx_it.o
                0x0000000008002598                NMI_Handler
 .text.HardFault_Handler
                0x000000000800259e        0x6 ./Core/Src/stm32f4xx_it.o
                0x000000000800259e                HardFault_Handler
 .text.MemManage_Handler
                0x00000000080025a4        0x6 ./Core/Src/stm32f4xx_it.o
                0x00000000080025a4                MemManage_Handler
 .text.BusFault_Handler
                0x00000000080025aa        0x6 ./Core/Src/stm32f4xx_it.o
                0x00000000080025aa                BusFault_Handler
 .text.UsageFault_Handler
                0x00000000080025b0        0x6 ./Core/Src/stm32f4xx_it.o
                0x00000000080025b0                UsageFault_Handler
 .text.DebugMon_Handler
                0x00000000080025b6        0xe ./Core/Src/stm32f4xx_it.o
                0x00000000080025b6                DebugMon_Handler
 .text.TIM1_UP_TIM10_IRQHandler
                0x00000000080025c4       0x14 ./Core/Src/stm32f4xx_it.o
                0x00000000080025c4                TIM1_UP_TIM10_IRQHandler
 .text.EXTI15_10_IRQHandler
                0x00000000080025d8       0x10 ./Core/Src/stm32f4xx_it.o
                0x00000000080025d8                EXTI15_10_IRQHandler
 .text.DMA2_Stream0_IRQHandler
                0x00000000080025e8       0x14 ./Core/Src/stm32f4xx_it.o
                0x00000000080025e8                DMA2_Stream0_IRQHandler
 .text._getpid  0x00000000080025fc       0x10 ./Core/Src/syscalls.o
                0x00000000080025fc                _getpid
 .text._kill    0x000000000800260c       0x20 ./Core/Src/syscalls.o
                0x000000000800260c                _kill
 .text._exit    0x000000000800262c       0x14 ./Core/Src/syscalls.o
                0x000000000800262c                _exit
 .text._read    0x0000000008002640       0x3a ./Core/Src/syscalls.o
                0x0000000008002640                _read
 .text._write   0x000000000800267a       0x38 ./Core/Src/syscalls.o
                0x000000000800267a                _write
 .text._close   0x00000000080026b2       0x18 ./Core/Src/syscalls.o
                0x00000000080026b2                _close
 .text._fstat   0x00000000080026ca       0x20 ./Core/Src/syscalls.o
                0x00000000080026ca                _fstat
 .text._isatty  0x00000000080026ea       0x16 ./Core/Src/syscalls.o
                0x00000000080026ea                _isatty
 .text._lseek   0x0000000008002700       0x1a ./Core/Src/syscalls.o
                0x0000000008002700                _lseek
 *fill*         0x000000000800271a        0x2 
 .text._sbrk    0x000000000800271c       0x6c ./Core/Src/sysmem.o
                0x000000000800271c                _sbrk
 .text.SystemInit
                0x0000000008002788       0x24 ./Core/Src/system_stm32f4xx.o
                0x0000000008002788                SystemInit
 .text.soundLevel
                0x00000000080027ac      0x154 ./Core/Src/utilities.o
                0x00000000080027ac                soundLevel
 .text.averageSamples
                0x0000000008002900       0x86 ./Core/Src/utilities.o
                0x0000000008002900                averageSamples
 *fill*         0x0000000008002986        0x2 
 .text.Reset_Handler
                0x0000000008002988       0x50 ./Core/Startup/startup_stm32f401retx.o
                0x0000000008002988                Reset_Handler
 .text.Default_Handler
                0x00000000080029d8        0x2 ./Core/Startup/startup_stm32f401retx.o
                0x00000000080029d8                RTC_Alarm_IRQHandler
                0x00000000080029d8                EXTI2_IRQHandler
                0x00000000080029d8                SPI4_IRQHandler
                0x00000000080029d8                TIM1_CC_IRQHandler
                0x00000000080029d8                DMA2_Stream5_IRQHandler
                0x00000000080029d8                DMA1_Stream5_IRQHandler
                0x00000000080029d8                PVD_IRQHandler
                0x00000000080029d8                SDIO_IRQHandler
                0x00000000080029d8                TAMP_STAMP_IRQHandler
                0x00000000080029d8                EXTI3_IRQHandler
                0x00000000080029d8                I2C3_ER_IRQHandler
                0x00000000080029d8                EXTI0_IRQHandler
                0x00000000080029d8                I2C2_EV_IRQHandler
                0x00000000080029d8                DMA1_Stream2_IRQHandler
                0x00000000080029d8                FPU_IRQHandler
                0x00000000080029d8                DMA2_Stream2_IRQHandler
                0x00000000080029d8                SPI1_IRQHandler
                0x00000000080029d8                TIM1_BRK_TIM9_IRQHandler
                0x00000000080029d8                DMA2_Stream3_IRQHandler
                0x00000000080029d8                USART6_IRQHandler
                0x00000000080029d8                TIM4_IRQHandler
                0x00000000080029d8                I2C1_EV_IRQHandler
                0x00000000080029d8                DMA1_Stream6_IRQHandler
                0x00000000080029d8                DMA1_Stream1_IRQHandler
                0x00000000080029d8                TIM3_IRQHandler
                0x00000000080029d8                RCC_IRQHandler
                0x00000000080029d8                Default_Handler
                0x00000000080029d8                ADC_IRQHandler
                0x00000000080029d8                DMA1_Stream7_IRQHandler
                0x00000000080029d8                TIM5_IRQHandler
                0x00000000080029d8                DMA2_Stream7_IRQHandler
                0x00000000080029d8                I2C3_EV_IRQHandler
                0x00000000080029d8                EXTI9_5_IRQHandler
                0x00000000080029d8                RTC_WKUP_IRQHandler
                0x00000000080029d8                SPI2_IRQHandler
                0x00000000080029d8                DMA1_Stream0_IRQHandler
                0x00000000080029d8                EXTI4_IRQHandler
                0x00000000080029d8                WWDG_IRQHandler
                0x00000000080029d8                TIM2_IRQHandler
                0x00000000080029d8                OTG_FS_WKUP_IRQHandler
                0x00000000080029d8                TIM1_TRG_COM_TIM11_IRQHandler
                0x00000000080029d8                EXTI1_IRQHandler
                0x00000000080029d8                USART2_IRQHandler
                0x00000000080029d8                I2C2_ER_IRQHandler
                0x00000000080029d8                DMA2_Stream1_IRQHandler
                0x00000000080029d8                FLASH_IRQHandler
                0x00000000080029d8                DMA2_Stream4_IRQHandler
                0x00000000080029d8                USART1_IRQHandler
                0x00000000080029d8                OTG_FS_IRQHandler
                0x00000000080029d8                SPI3_IRQHandler
                0x00000000080029d8                DMA1_Stream4_IRQHandler
                0x00000000080029d8                I2C1_ER_IRQHandler
                0x00000000080029d8                DMA2_Stream6_IRQHandler
                0x00000000080029d8                DMA1_Stream3_IRQHandler
 .text.prvTraceGetQueueNumber
                0x00000000080029da       0x18 ./Core/Tracelyzer/trcKernelPort.o
                0x00000000080029da                prvTraceGetQueueNumber
 .text.prvTraceGetQueueType
                0x00000000080029f2       0x18 ./Core/Tracelyzer/trcKernelPort.o
                0x00000000080029f2                prvTraceGetQueueType
 .text.prvTraceGetTaskNumberLow16
                0x0000000008002a0a       0x1a ./Core/Tracelyzer/trcKernelPort.o
                0x0000000008002a0a                prvTraceGetTaskNumberLow16
 .text.prvTraceGetTaskNumberHigh16
                0x0000000008002a24       0x1c ./Core/Tracelyzer/trcKernelPort.o
                0x0000000008002a24                prvTraceGetTaskNumberHigh16
 .text.prvTraceSetTaskNumberLow16
                0x0000000008002a40       0x2c ./Core/Tracelyzer/trcKernelPort.o
                0x0000000008002a40                prvTraceSetTaskNumberLow16
 .text.prvTraceSetTaskNumberHigh16
                0x0000000008002a6c       0x2c ./Core/Tracelyzer/trcKernelPort.o
                0x0000000008002a6c                prvTraceSetTaskNumberHigh16
 .text.prvTraceGetQueueNumberLow16
                0x0000000008002a98       0x1a ./Core/Tracelyzer/trcKernelPort.o
                0x0000000008002a98                prvTraceGetQueueNumberLow16
 .text.prvTraceGetQueueNumberHigh16
                0x0000000008002ab2       0x1c ./Core/Tracelyzer/trcKernelPort.o
                0x0000000008002ab2                prvTraceGetQueueNumberHigh16
 .text.prvTraceSetQueueNumberLow16
                0x0000000008002ace       0x2c ./Core/Tracelyzer/trcKernelPort.o
                0x0000000008002ace                prvTraceSetQueueNumberLow16
 .text.prvTraceSetQueueNumberHigh16
                0x0000000008002afa       0x2c ./Core/Tracelyzer/trcKernelPort.o
                0x0000000008002afa                prvTraceSetQueueNumberHigh16
 .text.prvTraceGetEventGroupNumberLow16
                0x0000000008002b26       0x1a ./Core/Tracelyzer/trcKernelPort.o
                0x0000000008002b26                prvTraceGetEventGroupNumberLow16
 .text.prvTraceGetEventGroupNumberHigh16
                0x0000000008002b40       0x1c ./Core/Tracelyzer/trcKernelPort.o
                0x0000000008002b40                prvTraceGetEventGroupNumberHigh16
 .text.prvTraceSetEventGroupNumberLow16
                0x0000000008002b5c       0x2c ./Core/Tracelyzer/trcKernelPort.o
                0x0000000008002b5c                prvTraceSetEventGroupNumberLow16
 .text.prvTraceSetEventGroupNumberHigh16
                0x0000000008002b88       0x2c ./Core/Tracelyzer/trcKernelPort.o
                0x0000000008002b88                prvTraceSetEventGroupNumberHigh16
 .text.prvTraceGetCurrentTaskHandle
                0x0000000008002bb4        0xe ./Core/Tracelyzer/trcKernelPort.o
                0x0000000008002bb4                prvTraceGetCurrentTaskHandle
 .text.xTraceKernelPortInitialize
                0x0000000008002bc2       0x16 ./Core/Tracelyzer/trcKernelPort.o
                0x0000000008002bc2                xTraceKernelPortInitialize
 .text.xTraceKernelPortEnable
                0x0000000008002bd8       0x10 ./Core/Tracelyzer/trcKernelPort.o
                0x0000000008002bd8                xTraceKernelPortEnable
 .text.xTraceKernelPortInitObjectPropertyTable
                0x0000000008002be8      0x19c ./Core/Tracelyzer/trcKernelPort.o
                0x0000000008002be8                xTraceKernelPortInitObjectPropertyTable
 .text.xTraceKernelPortInitObjectHandleStack
                0x0000000008002d84      0x110 ./Core/Tracelyzer/trcKernelPort.o
                0x0000000008002d84                xTraceKernelPortInitObjectHandleStack
 .text.pszTraceGetErrorNotEnoughHandles
                0x0000000008002e94       0x98 ./Core/Tracelyzer/trcKernelPort.o
                0x0000000008002e94                pszTraceGetErrorNotEnoughHandles
 .text.xTraceEnable
                0x0000000008002f2c       0x68 ./Core/Tracelyzer/trcSnapshotRecorder.o
                0x0000000008002f2c                xTraceEnable
 .text.xTraceDisable
                0x0000000008002f94        0xe ./Core/Tracelyzer/trcSnapshotRecorder.o
                0x0000000008002f94                xTraceDisable
 *fill*         0x0000000008002fa2        0x2 
 .text.prvTraceStart
                0x0000000008002fa4       0xc0 ./Core/Tracelyzer/trcSnapshotRecorder.o
 .text.prvTraceStop
                0x0000000008003064       0x30 ./Core/Tracelyzer/trcSnapshotRecorder.o
 .text.prvTraceInitTimestamps
                0x0000000008003094       0x20 ./Core/Tracelyzer/trcSnapshotRecorder.o
 .text.xTracePrint
                0x00000000080030b4       0xa0 ./Core/Tracelyzer/trcSnapshotRecorder.o
                0x00000000080030b4                xTracePrint
 .text.xTraceStringRegister
                0x0000000008003154       0x22 ./Core/Tracelyzer/trcSnapshotRecorder.o
                0x0000000008003154                xTraceStringRegister
 .text.xTraceRegisterString
                0x0000000008003176       0x22 ./Core/Tracelyzer/trcSnapshotRecorder.o
                0x0000000008003176                xTraceRegisterString
 .text.xTraceInitialize
                0x0000000008003198      0x258 ./Core/Tracelyzer/trcSnapshotRecorder.o
                0x0000000008003198                xTraceInitialize
 .text.prvTraceStoreTaskReady
                0x00000000080033f0       0xb8 ./Core/Tracelyzer/trcSnapshotRecorder.o
                0x00000000080033f0                prvTraceStoreTaskReady
 .text.vTraceStoreMemMangEvent
                0x00000000080034a8      0x130 ./Core/Tracelyzer/trcSnapshotRecorder.o
                0x00000000080034a8                vTraceStoreMemMangEvent
 .text.prvTraceStoreKernelCall
                0x00000000080035d8       0xb8 ./Core/Tracelyzer/trcSnapshotRecorder.o
                0x00000000080035d8                prvTraceStoreKernelCall
 .text.prvTraceStoreKernelCallWithParam
                0x0000000008003690       0xd0 ./Core/Tracelyzer/trcSnapshotRecorder.o
                0x0000000008003690                prvTraceStoreKernelCallWithParam
 .text.prvTraceGetParam
                0x0000000008003760       0x5a ./Core/Tracelyzer/trcSnapshotRecorder.o
 *fill*         0x00000000080037ba        0x2 
 .text.prvTraceStoreKernelCallWithNumericParamOnly
                0x00000000080037bc       0xb8 ./Core/Tracelyzer/trcSnapshotRecorder.o
                0x00000000080037bc                prvTraceStoreKernelCallWithNumericParamOnly
 .text.prvTraceStoreTaskswitch
                0x0000000008003874       0xd4 ./Core/Tracelyzer/trcSnapshotRecorder.o
                0x0000000008003874                prvTraceStoreTaskswitch
 .text.prvTraceSetPriorityProperty
                0x0000000008003948       0x4c ./Core/Tracelyzer/trcSnapshotRecorder.o
                0x0000000008003948                prvTraceSetPriorityProperty
 .text.prvTraceGetPriorityProperty
                0x0000000008003994       0x48 ./Core/Tracelyzer/trcSnapshotRecorder.o
                0x0000000008003994                prvTraceGetPriorityProperty
 .text.prvTraceSetObjectState
                0x00000000080039dc       0x48 ./Core/Tracelyzer/trcSnapshotRecorder.o
                0x00000000080039dc                prvTraceSetObjectState
 .text.prvTraceGetObjectState
                0x0000000008003a24       0x44 ./Core/Tracelyzer/trcSnapshotRecorder.o
 .text.prvTraceSetTaskInstanceFinished
                0x0000000008003a68       0x3c ./Core/Tracelyzer/trcSnapshotRecorder.o
                0x0000000008003a68                prvTraceSetTaskInstanceFinished
 .text.prvTraceNextFreeEventBufferSlot
                0x0000000008003aa4       0x48 ./Core/Tracelyzer/trcSnapshotRecorder.o
 .text.uiIndexOfObject
                0x0000000008003aec       0x78 ./Core/Tracelyzer/trcSnapshotRecorder.o
                0x0000000008003aec                uiIndexOfObject
 .text.prvTraceGetObjectHandle
                0x0000000008003b64      0x130 ./Core/Tracelyzer/trcSnapshotRecorder.o
                0x0000000008003b64                prvTraceGetObjectHandle
 .text.prvMarkObjectAsUsed
                0x0000000008003c94       0x3c ./Core/Tracelyzer/trcSnapshotRecorder.o
                0x0000000008003c94                prvMarkObjectAsUsed
 .text.prvStrncpy
                0x0000000008003cd0       0x4c ./Core/Tracelyzer/trcSnapshotRecorder.o
 .text.prvTraceSetObjectName
                0x0000000008003d1c       0xb4 ./Core/Tracelyzer/trcSnapshotRecorder.o
                0x0000000008003d1c                prvTraceSetObjectName
 .text.prvTraceOpenSymbol
                0x0000000008003dd0       0x8c ./Core/Tracelyzer/trcSnapshotRecorder.o
 .text.prvTraceError
                0x0000000008003e5c       0x58 ./Core/Tracelyzer/trcSnapshotRecorder.o
                0x0000000008003e5c                prvTraceError
 .text.prvCheckDataToBeOverwrittenForMultiEntryEvents
                0x0000000008003eb4      0x110 ./Core/Tracelyzer/trcSnapshotRecorder.o
 .text.prvTraceUpdateCounters
                0x0000000008003fc4       0x50 ./Core/Tracelyzer/trcSnapshotRecorder.o
 .text.prvTraceGetDTS
                0x0000000008004014      0x194 ./Core/Tracelyzer/trcSnapshotRecorder.o
 .text.prvTraceLookupSymbolTableEntry
                0x00000000080041a8       0xcc ./Core/Tracelyzer/trcSnapshotRecorder.o
 .text.prvTraceCreateSymbolTableEntry
                0x0000000008004274      0x154 ./Core/Tracelyzer/trcSnapshotRecorder.o
 .text.prvTraceGetChecksum
                0x00000000080043c8       0x5c ./Core/Tracelyzer/trcSnapshotRecorder.o
 .text.xTraceHardwarePortInitCortexM
                0x0000000008004424       0x70 ./Core/Tracelyzer/trcSnapshotRecorder.o
                0x0000000008004424                xTraceHardwarePortInitCortexM
 .text.prvTracePortGetTimeStamp
                0x0000000008004494       0x94 ./Core/Tracelyzer/trcSnapshotRecorder.o
                0x0000000008004494                prvTracePortGetTimeStamp
 .text.HAL_Init
                0x0000000008004528       0x44 ./Drivers/STM32F4xx_HAL_Driver/Src/stm32f4xx_hal.o
                0x0000000008004528                HAL_Init
 .text.HAL_IncTick
                0x000000000800456c       0x28 ./Drivers/STM32F4xx_HAL_Driver/Src/stm32f4xx_hal.o
                0x000000000800456c                HAL_IncTick
 .text.HAL_GetTick
                0x0000000008004594       0x18 ./Drivers/STM32F4xx_HAL_Driver/Src/stm32f4xx_hal.o
                0x0000000008004594                HAL_GetTick
 .text.HAL_Delay
                0x00000000080045ac       0x48 ./Drivers/STM32F4xx_HAL_Driver/Src/stm32f4xx_hal.o
                0x00000000080045ac                HAL_Delay
 .text.HAL_ADC_Init
                0x00000000080045f4       0x86 ./Drivers/STM32F4xx_HAL_Driver/Src/stm32f4xx_hal_adc.o
                0x00000000080045f4                HAL_ADC_Init
 *fill*         0x000000000800467a        0x2 
 .text.HAL_ADC_Start_DMA
                0x000000000800467c      0x1e0 ./Drivers/STM32F4xx_HAL_Driver/Src/stm32f4xx_hal_adc.o
                0x000000000800467c                HAL_ADC_Start_DMA
 .text.HAL_ADC_ErrorCallback
                0x000000000800485c       0x14 ./Drivers/STM32F4xx_HAL_Driver/Src/stm32f4xx_hal_adc.o
                0x000000000800485c                HAL_ADC_ErrorCallback
 .text.HAL_ADC_ConfigChannel
                0x0000000008004870      0x244 ./Drivers/STM32F4xx_HAL_Driver/Src/stm32f4xx_hal_adc.o
                0x0000000008004870                HAL_ADC_ConfigChannel
 .text.ADC_Init
                0x0000000008004ab4      0x1f8 ./Drivers/STM32F4xx_HAL_Driver/Src/stm32f4xx_hal_adc.o
 .text.ADC_DMAConvCplt
                0x0000000008004cac       0xba ./Drivers/STM32F4xx_HAL_Driver/Src/stm32f4xx_hal_adc.o
 .text.ADC_DMAHalfConvCplt
                0x0000000008004d66       0x1c ./Drivers/STM32F4xx_HAL_Driver/Src/stm32f4xx_hal_adc.o
 .text.ADC_DMAError
                0x0000000008004d82       0x2e ./Drivers/STM32F4xx_HAL_Driver/Src/stm32f4xx_hal_adc.o
 .text.__NVIC_SetPriorityGrouping
                0x0000000008004db0       0x48 ./Drivers/STM32F4xx_HAL_Driver/Src/stm32f4xx_hal_cortex.o
 .text.__NVIC_GetPriorityGrouping
                0x0000000008004df8       0x1c ./Drivers/STM32F4xx_HAL_Driver/Src/stm32f4xx_hal_cortex.o
 .text.__NVIC_EnableIRQ
                0x0000000008004e14       0x3c ./Drivers/STM32F4xx_HAL_Driver/Src/stm32f4xx_hal_cortex.o
 .text.__NVIC_SetPriority
                0x0000000008004e50       0x54 ./Drivers/STM32F4xx_HAL_Driver/Src/stm32f4xx_hal_cortex.o
 .text.NVIC_EncodePriority
                0x0000000008004ea4       0x66 ./Drivers/STM32F4xx_HAL_Driver/Src/stm32f4xx_hal_cortex.o
 .text.HAL_NVIC_SetPriorityGrouping
                0x0000000008004f0a       0x16 ./Drivers/STM32F4xx_HAL_Driver/Src/stm32f4xx_hal_cortex.o
                0x0000000008004f0a                HAL_NVIC_SetPriorityGrouping
 .text.HAL_NVIC_SetPriority
                0x0000000008004f20       0x38 ./Drivers/STM32F4xx_HAL_Driver/Src/stm32f4xx_hal_cortex.o
                0x0000000008004f20                HAL_NVIC_SetPriority
 .text.HAL_NVIC_EnableIRQ
                0x0000000008004f58       0x1c ./Drivers/STM32F4xx_HAL_Driver/Src/stm32f4xx_hal_cortex.o
                0x0000000008004f58                HAL_NVIC_EnableIRQ
 .text.HAL_DMA_Init
                0x0000000008004f74      0x15c ./Drivers/STM32F4xx_HAL_Driver/Src/stm32f4xx_hal_dma.o
                0x0000000008004f74                HAL_DMA_Init
 .text.HAL_DMA_Start_IT
                0x00000000080050d0       0xb0 ./Drivers/STM32F4xx_HAL_Driver/Src/stm32f4xx_hal_dma.o
                0x00000000080050d0                HAL_DMA_Start_IT
 .text.HAL_DMA_IRQHandler
                0x0000000008005180      0x314 ./Drivers/STM32F4xx_HAL_Driver/Src/stm32f4xx_hal_dma.o
                0x0000000008005180                HAL_DMA_IRQHandler
 .text.DMA_SetConfig
                0x0000000008005494       0x5c ./Drivers/STM32F4xx_HAL_Driver/Src/stm32f4xx_hal_dma.o
 .text.DMA_CalcBaseAndBitshift
                0x00000000080054f0       0x6c ./Drivers/STM32F4xx_HAL_Driver/Src/stm32f4xx_hal_dma.o
 .text.DMA_CheckFifoParam
                0x000000000800555c       0xf8 ./Drivers/STM32F4xx_HAL_Driver/Src/stm32f4xx_hal_dma.o
 .text.HAL_GPIO_Init
                0x0000000008005654      0x308 ./Drivers/STM32F4xx_HAL_Driver/Src/stm32f4xx_hal_gpio.o
                0x0000000008005654                HAL_GPIO_Init
 .text.HAL_GPIO_WritePin
                0x000000000800595c       0x32 ./Drivers/STM32F4xx_HAL_Driver/Src/stm32f4xx_hal_gpio.o
                0x000000000800595c                HAL_GPIO_WritePin
 .text.HAL_GPIO_TogglePin
                0x000000000800598e       0x34 ./Drivers/STM32F4xx_HAL_Driver/Src/stm32f4xx_hal_gpio.o
                0x000000000800598e                HAL_GPIO_TogglePin
 *fill*         0x00000000080059c2        0x2 
 .text.HAL_GPIO_EXTI_IRQHandler
                0x00000000080059c4       0x30 ./Drivers/STM32F4xx_HAL_Driver/Src/stm32f4xx_hal_gpio.o
                0x00000000080059c4                HAL_GPIO_EXTI_IRQHandler
 .text.HAL_I2C_Init
                0x00000000080059f4      0x288 ./Drivers/STM32F4xx_HAL_Driver/Src/stm32f4xx_hal_i2c.o
                0x00000000080059f4                HAL_I2C_Init
 .text.HAL_I2C_Master_Transmit
                0x0000000008005c7c      0x1fc ./Drivers/STM32F4xx_HAL_Driver/Src/stm32f4xx_hal_i2c.o
                0x0000000008005c7c                HAL_I2C_Master_Transmit
 .text.I2C_MasterRequestWrite
                0x0000000008005e78      0x104 ./Drivers/STM32F4xx_HAL_Driver/Src/stm32f4xx_hal_i2c.o
 .text.I2C_WaitOnFlagUntilTimeout
                0x0000000008005f7c       0xae ./Drivers/STM32F4xx_HAL_Driver/Src/stm32f4xx_hal_i2c.o
 .text.I2C_WaitOnMasterAddressFlagUntilTimeout
                0x000000000800602a       0xfe ./Drivers/STM32F4xx_HAL_Driver/Src/stm32f4xx_hal_i2c.o
 .text.I2C_WaitOnTXEFlagUntilTimeout
                0x0000000008006128       0x82 ./Drivers/STM32F4xx_HAL_Driver/Src/stm32f4xx_hal_i2c.o
 .text.I2C_WaitOnBTFFlagUntilTimeout
                0x00000000080061aa       0x82 ./Drivers/STM32F4xx_HAL_Driver/Src/stm32f4xx_hal_i2c.o
 .text.I2C_IsAcknowledgeFailed
                0x000000000800622c       0x5e ./Drivers/STM32F4xx_HAL_Driver/Src/stm32f4xx_hal_i2c.o
 *fill*         0x000000000800628a        0x2 
 .text.HAL_RCC_OscConfig
                0x000000000800628c      0x4f0 ./Drivers/STM32F4xx_HAL_Driver/Src/stm32f4xx_hal_rcc.o
                0x000000000800628c                HAL_RCC_OscConfig
 .text.HAL_RCC_ClockConfig
                0x000000000800677c      0x1cc ./Drivers/STM32F4xx_HAL_Driver/Src/stm32f4xx_hal_rcc.o
                0x000000000800677c                HAL_RCC_ClockConfig
 .text.HAL_RCC_GetSysClockFreq
                0x0000000008006948      0x20c ./Drivers/STM32F4xx_HAL_Driver/Src/stm32f4xx_hal_rcc.o
                0x0000000008006948                HAL_RCC_GetSysClockFreq
 .text.HAL_RCC_GetHCLKFreq
                0x0000000008006b54       0x18 ./Drivers/STM32F4xx_HAL_Driver/Src/stm32f4xx_hal_rcc.o
                0x0000000008006b54                HAL_RCC_GetHCLKFreq
 .text.HAL_RCC_GetPCLK1Freq
                0x0000000008006b6c       0x28 ./Drivers/STM32F4xx_HAL_Driver/Src/stm32f4xx_hal_rcc.o
                0x0000000008006b6c                HAL_RCC_GetPCLK1Freq
 .text.HAL_RCC_GetPCLK2Freq
                0x0000000008006b94       0x28 ./Drivers/STM32F4xx_HAL_Driver/Src/stm32f4xx_hal_rcc.o
                0x0000000008006b94                HAL_RCC_GetPCLK2Freq
 .text.HAL_RCC_GetClockConfig
                0x0000000008006bbc       0x64 ./Drivers/STM32F4xx_HAL_Driver/Src/stm32f4xx_hal_rcc.o
                0x0000000008006bbc                HAL_RCC_GetClockConfig
 .text.HAL_TIM_Base_Init
                0x0000000008006c20       0x9e ./Drivers/STM32F4xx_HAL_Driver/Src/stm32f4xx_hal_tim.o
                0x0000000008006c20                HAL_TIM_Base_Init
 *fill*         0x0000000008006cbe        0x2 
 .text.HAL_TIM_Base_Start
                0x0000000008006cc0       0xb4 ./Drivers/STM32F4xx_HAL_Driver/Src/stm32f4xx_hal_tim.o
                0x0000000008006cc0                HAL_TIM_Base_Start
 .text.HAL_TIM_Base_Start_IT
                0x0000000008006d74       0xc4 ./Drivers/STM32F4xx_HAL_Driver/Src/stm32f4xx_hal_tim.o
                0x0000000008006d74                HAL_TIM_Base_Start_IT
 .text.HAL_TIM_IRQHandler
                0x0000000008006e38      0x210 ./Drivers/STM32F4xx_HAL_Driver/Src/stm32f4xx_hal_tim.o
                0x0000000008006e38                HAL_TIM_IRQHandler
 .text.HAL_TIM_ConfigClockSource
                0x0000000008007048      0x18e ./Drivers/STM32F4xx_HAL_Driver/Src/stm32f4xx_hal_tim.o
                0x0000000008007048                HAL_TIM_ConfigClockSource
 .text.HAL_TIM_OC_DelayElapsedCallback
                0x00000000080071d6       0x14 ./Drivers/STM32F4xx_HAL_Driver/Src/stm32f4xx_hal_tim.o
                0x00000000080071d6                HAL_TIM_OC_DelayElapsedCallback
 .text.HAL_TIM_IC_CaptureCallback
                0x00000000080071ea       0x14 ./Drivers/STM32F4xx_HAL_Driver/Src/stm32f4xx_hal_tim.o
                0x00000000080071ea                HAL_TIM_IC_CaptureCallback
 .text.HAL_TIM_PWM_PulseFinishedCallback
                0x00000000080071fe       0x14 ./Drivers/STM32F4xx_HAL_Driver/Src/stm32f4xx_hal_tim.o
                0x00000000080071fe                HAL_TIM_PWM_PulseFinishedCallback
 .text.HAL_TIM_TriggerCallback
                0x0000000008007212       0x14 ./Drivers/STM32F4xx_HAL_Driver/Src/stm32f4xx_hal_tim.o
                0x0000000008007212                HAL_TIM_TriggerCallback
 *fill*         0x0000000008007226        0x2 
 .text.TIM_Base_SetConfig
                0x0000000008007228      0x100 ./Drivers/STM32F4xx_HAL_Driver/Src/stm32f4xx_hal_tim.o
                0x0000000008007228                TIM_Base_SetConfig
 .text.TIM_TI1_ConfigInputStage
                0x0000000008007328       0x5e ./Drivers/STM32F4xx_HAL_Driver/Src/stm32f4xx_hal_tim.o
 .text.TIM_TI2_ConfigInputStage
                0x0000000008007386       0x60 ./Drivers/STM32F4xx_HAL_Driver/Src/stm32f4xx_hal_tim.o
 .text.TIM_ITRx_SetConfig
                0x00000000080073e6       0x36 ./Drivers/STM32F4xx_HAL_Driver/Src/stm32f4xx_hal_tim.o
 .text.TIM_ETR_SetConfig
                0x000000000800741c       0x40 ./Drivers/STM32F4xx_HAL_Driver/Src/stm32f4xx_hal_tim.o
                0x000000000800741c                TIM_ETR_SetConfig
 .text.HAL_TIMEx_MasterConfigSynchronization
                0x000000000800745c       0xdc ./Drivers/STM32F4xx_HAL_Driver/Src/stm32f4xx_hal_tim_ex.o
                0x000000000800745c                HAL_TIMEx_MasterConfigSynchronization
 .text.HAL_TIMEx_CommutCallback
                0x0000000008007538       0x14 ./Drivers/STM32F4xx_HAL_Driver/Src/stm32f4xx_hal_tim_ex.o
                0x0000000008007538                HAL_TIMEx_CommutCallback
 .text.HAL_TIMEx_BreakCallback
                0x000000000800754c       0x14 ./Drivers/STM32F4xx_HAL_Driver/Src/stm32f4xx_hal_tim_ex.o
                0x000000000800754c                HAL_TIMEx_BreakCallback
 .text.HAL_UART_Init
                0x0000000008007560       0x9a ./Drivers/STM32F4xx_HAL_Driver/Src/stm32f4xx_hal_uart.o
                0x0000000008007560                HAL_UART_Init
 *fill*         0x00000000080075fa        0x2 
 .text.UART_SetConfig
                0x00000000080075fc      0x4e8 ./Drivers/STM32F4xx_HAL_Driver/Src/stm32f4xx_hal_uart.o
 .text.makeFreeRtosPriority
                0x0000000008007ae4       0x30 ./Middlewares/Third_Party/FreeRTOS/Source/CMSIS_RTOS/cmsis_os.o
 .text.osKernelStart
                0x0000000008007b14        0xe ./Middlewares/Third_Party/FreeRTOS/Source/CMSIS_RTOS/cmsis_os.o
                0x0000000008007b14                osKernelStart
 .text.osThreadCreate
                0x0000000008007b22       0x98 ./Middlewares/Third_Party/FreeRTOS/Source/CMSIS_RTOS/cmsis_os.o
                0x0000000008007b22                osThreadCreate
 .text.osDelay  0x0000000008007bba       0x28 ./Middlewares/Third_Party/FreeRTOS/Source/CMSIS_RTOS/cmsis_os.o
                0x0000000008007bba                osDelay
 *fill*         0x0000000008007be2        0x2 
 .text.xEventGroupCreate
                0x0000000008007be4       0xf0 ./Middlewares/Third_Party/FreeRTOS/Source/event_groups.o
                0x0000000008007be4                xEventGroupCreate
 .text.xEventGroupWaitBits
                0x0000000008007cd4      0x2b4 ./Middlewares/Third_Party/FreeRTOS/Source/event_groups.o
                0x0000000008007cd4                xEventGroupWaitBits
 .text.xEventGroupSetBits
                0x0000000008007f88      0x164 ./Middlewares/Third_Party/FreeRTOS/Source/event_groups.o
                0x0000000008007f88                xEventGroupSetBits
 .text.prvTestWaitCondition
                0x00000000080080ec       0x44 ./Middlewares/Third_Party/FreeRTOS/Source/event_groups.o
 .text.uxEventGroupGetNumber
                0x0000000008008130       0x2c ./Middlewares/Third_Party/FreeRTOS/Source/event_groups.o
                0x0000000008008130                uxEventGroupGetNumber
 .text.vEventGroupSetNumber
                0x000000000800815c       0x1c ./Middlewares/Third_Party/FreeRTOS/Source/event_groups.o
                0x000000000800815c                vEventGroupSetNumber
 .text.vListInitialise
                0x0000000008008178       0x40 ./Middlewares/Third_Party/FreeRTOS/Source/list.o
                0x0000000008008178                vListInitialise
 .text.vListInitialiseItem
                0x00000000080081b8       0x1a ./Middlewares/Third_Party/FreeRTOS/Source/list.o
                0x00000000080081b8                vListInitialiseItem
 .text.vListInsertEnd
                0x00000000080081d2       0x48 ./Middlewares/Third_Party/FreeRTOS/Source/list.o
                0x00000000080081d2                vListInsertEnd
 .text.vListInsert
                0x000000000800821a       0x72 ./Middlewares/Third_Party/FreeRTOS/Source/list.o
                0x000000000800821a                vListInsert
 .text.uxListRemove
                0x000000000800828c       0x54 ./Middlewares/Third_Party/FreeRTOS/Source/list.o
                0x000000000800828c                uxListRemove
 .text.xQueueGenericReset
                0x00000000080082e0       0xd0 ./Middlewares/Third_Party/FreeRTOS/Source/queue.o
                0x00000000080082e0                xQueueGenericReset
 .text.xQueueGenericCreate
                0x00000000080083b0       0xb4 ./Middlewares/Third_Party/FreeRTOS/Source/queue.o
                0x00000000080083b0                xQueueGenericCreate
 .text.prvInitialiseNewQueue
                0x0000000008008464      0x128 ./Middlewares/Third_Party/FreeRTOS/Source/queue.o
 .text.prvInitialiseMutex
                0x000000000800858c       0x34 ./Middlewares/Third_Party/FreeRTOS/Source/queue.o
 .text.xQueueCreateMutex
                0x00000000080085c0       0x30 ./Middlewares/Third_Party/FreeRTOS/Source/queue.o
                0x00000000080085c0                xQueueCreateMutex
 .text.xQueueCreateCountingSemaphore
                0x00000000080085f0       0x66 ./Middlewares/Third_Party/FreeRTOS/Source/queue.o
                0x00000000080085f0                xQueueCreateCountingSemaphore
 *fill*         0x0000000008008656        0x2 
 .text.xQueueGenericSend
                0x0000000008008658      0x41c ./Middlewares/Third_Party/FreeRTOS/Source/queue.o
                0x0000000008008658                xQueueGenericSend
 .text.xQueueSemaphoreTake
                0x0000000008008a74      0x464 ./Middlewares/Third_Party/FreeRTOS/Source/queue.o
                0x0000000008008a74                xQueueSemaphoreTake
 .text.uxQueueGetQueueNumber
                0x0000000008008ed8       0x18 ./Middlewares/Third_Party/FreeRTOS/Source/queue.o
                0x0000000008008ed8                uxQueueGetQueueNumber
 .text.vQueueSetQueueNumber
                0x0000000008008ef0       0x1c ./Middlewares/Third_Party/FreeRTOS/Source/queue.o
                0x0000000008008ef0                vQueueSetQueueNumber
 .text.ucQueueGetQueueType
                0x0000000008008f0c       0x1a ./Middlewares/Third_Party/FreeRTOS/Source/queue.o
                0x0000000008008f0c                ucQueueGetQueueType
 .text.prvGetDisinheritPriorityAfterTimeout
                0x0000000008008f26       0x30 ./Middlewares/Third_Party/FreeRTOS/Source/queue.o
 .text.prvCopyDataToQueue
                0x0000000008008f56       0xd4 ./Middlewares/Third_Party/FreeRTOS/Source/queue.o
 .text.prvUnlockQueue
                0x000000000800902a       0xa4 ./Middlewares/Third_Party/FreeRTOS/Source/queue.o
 .text.prvIsQueueEmpty
                0x00000000080090ce       0x2c ./Middlewares/Third_Party/FreeRTOS/Source/queue.o
 .text.prvIsQueueFull
                0x00000000080090fa       0x30 ./Middlewares/Third_Party/FreeRTOS/Source/queue.o
 .text.xTaskCreateStatic
                0x000000000800912a       0xba ./Middlewares/Third_Party/FreeRTOS/Source/tasks.o
                0x000000000800912a                xTaskCreateStatic
 .text.xTaskCreate
                0x00000000080091e4       0x8a ./Middlewares/Third_Party/FreeRTOS/Source/tasks.o
                0x00000000080091e4                xTaskCreate
 *fill*         0x000000000800926e        0x2 
 .text.prvInitialiseNewTask
                0x0000000008009270      0x14c ./Middlewares/Third_Party/FreeRTOS/Source/tasks.o
 .text.prvAddNewTaskToReadyList
                0x00000000080093bc      0x1d0 ./Middlewares/Third_Party/FreeRTOS/Source/tasks.o
 .text.vTaskDelayUntil
                0x000000000800958c      0x16c ./Middlewares/Third_Party/FreeRTOS/Source/tasks.o
                0x000000000800958c                vTaskDelayUntil
 .text.vTaskDelay
                0x00000000080096f8       0xd8 ./Middlewares/Third_Party/FreeRTOS/Source/tasks.o
                0x00000000080096f8                vTaskDelay
 .text.vTaskStartScheduler
                0x00000000080097d0      0x118 ./Middlewares/Third_Party/FreeRTOS/Source/tasks.o
                0x00000000080097d0                vTaskStartScheduler
 .text.vTaskSuspendAll
                0x00000000080098e8       0x1c ./Middlewares/Third_Party/FreeRTOS/Source/tasks.o
                0x00000000080098e8                vTaskSuspendAll
 .text.xTaskResumeAll
                0x0000000008009904      0x164 ./Middlewares/Third_Party/FreeRTOS/Source/tasks.o
                0x0000000008009904                xTaskResumeAll
 .text.xTaskGetTickCount
                0x0000000008009a68       0x20 ./Middlewares/Third_Party/FreeRTOS/Source/tasks.o
                0x0000000008009a68                xTaskGetTickCount
 .text.xTaskIncrementTick
                0x0000000008009a88      0x1c4 ./Middlewares/Third_Party/FreeRTOS/Source/tasks.o
                0x0000000008009a88                xTaskIncrementTick
 .text.vTaskSwitchContext
                0x0000000008009c4c      0x108 ./Middlewares/Third_Party/FreeRTOS/Source/tasks.o
                0x0000000008009c4c                vTaskSwitchContext
 .text.vTaskPlaceOnEventList
                0x0000000008009d54       0x48 ./Middlewares/Third_Party/FreeRTOS/Source/tasks.o
                0x0000000008009d54                vTaskPlaceOnEventList
 .text.vTaskPlaceOnUnorderedEventList
                0x0000000008009d9c       0x78 ./Middlewares/Third_Party/FreeRTOS/Source/tasks.o
                0x0000000008009d9c                vTaskPlaceOnUnorderedEventList
 .text.xTaskRemoveFromEventList
                0x0000000008009e14       0xf0 ./Middlewares/Third_Party/FreeRTOS/Source/tasks.o
                0x0000000008009e14                xTaskRemoveFromEventList
 .text.vTaskRemoveFromUnorderedEventList
                0x0000000008009f04       0xec ./Middlewares/Third_Party/FreeRTOS/Source/tasks.o
                0x0000000008009f04                vTaskRemoveFromUnorderedEventList
 .text.vTaskInternalSetTimeOutState
                0x0000000008009ff0       0x2c ./Middlewares/Third_Party/FreeRTOS/Source/tasks.o
                0x0000000008009ff0                vTaskInternalSetTimeOutState
 .text.xTaskCheckForTimeOut
                0x000000000800a01c       0xc4 ./Middlewares/Third_Party/FreeRTOS/Source/tasks.o
                0x000000000800a01c                xTaskCheckForTimeOut
 .text.vTaskMissedYield
                0x000000000800a0e0       0x18 ./Middlewares/Third_Party/FreeRTOS/Source/tasks.o
                0x000000000800a0e0                vTaskMissedYield
 .text.uxTaskGetTaskNumber
                0x000000000800a0f8       0x2c ./Middlewares/Third_Party/FreeRTOS/Source/tasks.o
                0x000000000800a0f8                uxTaskGetTaskNumber
 .text.vTaskSetTaskNumber
                0x000000000800a124       0x26 ./Middlewares/Third_Party/FreeRTOS/Source/tasks.o
                0x000000000800a124                vTaskSetTaskNumber
 *fill*         0x000000000800a14a        0x2 
 .text.prvIdleTask
                0x000000000800a14c       0x30 ./Middlewares/Third_Party/FreeRTOS/Source/tasks.o
 .text.prvInitialiseTaskLists
                0x000000000800a17c       0x80 ./Middlewares/Third_Party/FreeRTOS/Source/tasks.o
 .text.prvCheckTasksWaitingTermination
                0x000000000800a1fc       0x5c ./Middlewares/Third_Party/FreeRTOS/Source/tasks.o
 .text.prvDeleteTCB
                0x000000000800a258       0x68 ./Middlewares/Third_Party/FreeRTOS/Source/tasks.o
 .text.prvResetNextTaskUnblockTime
                0x000000000800a2c0       0x40 ./Middlewares/Third_Party/FreeRTOS/Source/tasks.o
 .text.xTaskGetCurrentTaskHandle
                0x000000000800a300       0x20 ./Middlewares/Third_Party/FreeRTOS/Source/tasks.o
                0x000000000800a300                xTaskGetCurrentTaskHandle
 .text.xTaskGetSchedulerState
                0x000000000800a320       0x3c ./Middlewares/Third_Party/FreeRTOS/Source/tasks.o
                0x000000000800a320                xTaskGetSchedulerState
 .text.xTaskPriorityInherit
                0x000000000800a35c      0x174 ./Middlewares/Third_Party/FreeRTOS/Source/tasks.o
                0x000000000800a35c                xTaskPriorityInherit
 .text.xTaskPriorityDisinherit
                0x000000000800a4d0      0x190 ./Middlewares/Third_Party/FreeRTOS/Source/tasks.o
                0x000000000800a4d0                xTaskPriorityDisinherit
 .text.vTaskPriorityDisinheritAfterTimeout
                0x000000000800a660      0x1a4 ./Middlewares/Third_Party/FreeRTOS/Source/tasks.o
                0x000000000800a660                vTaskPriorityDisinheritAfterTimeout
 .text.uxTaskResetEventItemValue
                0x000000000800a804       0x30 ./Middlewares/Third_Party/FreeRTOS/Source/tasks.o
                0x000000000800a804                uxTaskResetEventItemValue
 .text.pvTaskIncrementMutexHeldCount
                0x000000000800a834       0x28 ./Middlewares/Third_Party/FreeRTOS/Source/tasks.o
                0x000000000800a834                pvTaskIncrementMutexHeldCount
 .text.prvAddCurrentTaskToDelayedList
                0x000000000800a85c       0xcc ./Middlewares/Third_Party/FreeRTOS/Source/tasks.o
 .text.pxPortInitialiseStack
                0x000000000800a928       0x68 ./Middlewares/Third_Party/FreeRTOS/Source/portable/GCC/ARM_CM4F/port.o
                0x000000000800a928                pxPortInitialiseStack
 .text.prvTaskExitError
                0x000000000800a990       0x58 ./Middlewares/Third_Party/FreeRTOS/Source/portable/GCC/ARM_CM4F/port.o
 *fill*         0x000000000800a9e8        0x8 
 .text.SVC_Handler
                0x000000000800a9f0       0x28 ./Middlewares/Third_Party/FreeRTOS/Source/portable/GCC/ARM_CM4F/port.o
                0x000000000800a9f0                SVC_Handler
 .text.prvPortStartFirstTask
                0x000000000800aa18       0x28 ./Middlewares/Third_Party/FreeRTOS/Source/portable/GCC/ARM_CM4F/port.o
 .text.xPortStartScheduler
                0x000000000800aa40      0x164 ./Middlewares/Third_Party/FreeRTOS/Source/portable/GCC/ARM_CM4F/port.o
                0x000000000800aa40                xPortStartScheduler
 .text.vPortEnterCritical
                0x000000000800aba4       0x34 ./Middlewares/Third_Party/FreeRTOS/Source/portable/GCC/ARM_CM4F/port.o
                0x000000000800aba4                vPortEnterCritical
 .text.vPortExitCritical
                0x000000000800abd8       0x54 ./Middlewares/Third_Party/FreeRTOS/Source/portable/GCC/ARM_CM4F/port.o
                0x000000000800abd8                vPortExitCritical
 *fill*         0x000000000800ac2c        0x4 
 .text.PendSV_Handler
                0x000000000800ac30       0x68 ./Middlewares/Third_Party/FreeRTOS/Source/portable/GCC/ARM_CM4F/port.o
                0x000000000800ac30                PendSV_Handler
 .text.SysTick_Handler
                0x000000000800ac98       0x44 ./Middlewares/Third_Party/FreeRTOS/Source/portable/GCC/ARM_CM4F/port.o
                0x000000000800ac98                SysTick_Handler
 .text.vPortSetupTimerInterrupt
                0x000000000800acdc       0x48 ./Middlewares/Third_Party/FreeRTOS/Source/portable/GCC/ARM_CM4F/port.o
                0x000000000800acdc                vPortSetupTimerInterrupt
 .text.vPortEnableVFP
                0x000000000800ad24       0x14 ./Middlewares/Third_Party/FreeRTOS/Source/portable/GCC/ARM_CM4F/port.o
 .text.pvPortMalloc
                0x000000000800ad38      0x1b8 ./Middlewares/Third_Party/FreeRTOS/Source/portable/MemMang/heap_4.o
                0x000000000800ad38                pvPortMalloc
 .text.vPortFree
                0x000000000800aef0       0xd4 ./Middlewares/Third_Party/FreeRTOS/Source/portable/MemMang/heap_4.o
                0x000000000800aef0                vPortFree
 .text.prvHeapInit
                0x000000000800afc4       0xc4 ./Middlewares/Third_Party/FreeRTOS/Source/portable/MemMang/heap_4.o
 .text.prvInsertBlockIntoFreeList
                0x000000000800b088       0xb4 ./Middlewares/Third_Party/FreeRTOS/Source/portable/MemMang/heap_4.o
 .text.__errno  0x000000000800b13c        0xc c:/st/stm32cubeide_1.11.0/stm32cubeide/plugins/com.st.stm32cube.ide.mcu.externaltools.gnu-tools-for-stm32.10.3-2021.10.win32_1.0.100.202210260954/tools/bin/../lib/gcc/arm-none-eabi/10.3.1/../../../../arm-none-eabi/lib/thumb/v7e-m+fp/hard\libc_nano.a(lib_a-errno.o)
                0x000000000800b13c                __errno
 .text.std      0x000000000800b148       0x48 c:/st/stm32cubeide_1.11.0/stm32cubeide/plugins/com.st.stm32cube.ide.mcu.externaltools.gnu-tools-for-stm32.10.3-2021.10.win32_1.0.100.202210260954/tools/bin/../lib/gcc/arm-none-eabi/10.3.1/../../../../arm-none-eabi/lib/thumb/v7e-m+fp/hard\libc_nano.a(lib_a-findfp.o)
 .text._cleanup_r
                0x000000000800b190        0xc c:/st/stm32cubeide_1.11.0/stm32cubeide/plugins/com.st.stm32cube.ide.mcu.externaltools.gnu-tools-for-stm32.10.3-2021.10.win32_1.0.100.202210260954/tools/bin/../lib/gcc/arm-none-eabi/10.3.1/../../../../arm-none-eabi/lib/thumb/v7e-m+fp/hard\libc_nano.a(lib_a-findfp.o)
                0x000000000800b190                _cleanup_r
 .text.__sfmoreglue
                0x000000000800b19c       0x2c c:/st/stm32cubeide_1.11.0/stm32cubeide/plugins/com.st.stm32cube.ide.mcu.externaltools.gnu-tools-for-stm32.10.3-2021.10.win32_1.0.100.202210260954/tools/bin/../lib/gcc/arm-none-eabi/10.3.1/../../../../arm-none-eabi/lib/thumb/v7e-m+fp/hard\libc_nano.a(lib_a-findfp.o)
                0x000000000800b19c                __sfmoreglue
 .text.__sfp_lock_acquire
                0x000000000800b1c8        0xc c:/st/stm32cubeide_1.11.0/stm32cubeide/plugins/com.st.stm32cube.ide.mcu.externaltools.gnu-tools-for-stm32.10.3-2021.10.win32_1.0.100.202210260954/tools/bin/../lib/gcc/arm-none-eabi/10.3.1/../../../../arm-none-eabi/lib/thumb/v7e-m+fp/hard\libc_nano.a(lib_a-findfp.o)
                0x000000000800b1c8                __sfp_lock_acquire
 .text.__sfp_lock_release
                0x000000000800b1d4        0xc c:/st/stm32cubeide_1.11.0/stm32cubeide/plugins/com.st.stm32cube.ide.mcu.externaltools.gnu-tools-for-stm32.10.3-2021.10.win32_1.0.100.202210260954/tools/bin/../lib/gcc/arm-none-eabi/10.3.1/../../../../arm-none-eabi/lib/thumb/v7e-m+fp/hard\libc_nano.a(lib_a-findfp.o)
                0x000000000800b1d4                __sfp_lock_release
 .text.__sinit_lock_acquire
                0x000000000800b1e0        0xc c:/st/stm32cubeide_1.11.0/stm32cubeide/plugins/com.st.stm32cube.ide.mcu.externaltools.gnu-tools-for-stm32.10.3-2021.10.win32_1.0.100.202210260954/tools/bin/../lib/gcc/arm-none-eabi/10.3.1/../../../../arm-none-eabi/lib/thumb/v7e-m+fp/hard\libc_nano.a(lib_a-findfp.o)
                0x000000000800b1e0                __sinit_lock_acquire
 .text.__sinit_lock_release
                0x000000000800b1ec        0xc c:/st/stm32cubeide_1.11.0/stm32cubeide/plugins/com.st.stm32cube.ide.mcu.externaltools.gnu-tools-for-stm32.10.3-2021.10.win32_1.0.100.202210260954/tools/bin/../lib/gcc/arm-none-eabi/10.3.1/../../../../arm-none-eabi/lib/thumb/v7e-m+fp/hard\libc_nano.a(lib_a-findfp.o)
                0x000000000800b1ec                __sinit_lock_release
 .text.__sinit  0x000000000800b1f8       0x70 c:/st/stm32cubeide_1.11.0/stm32cubeide/plugins/com.st.stm32cube.ide.mcu.externaltools.gnu-tools-for-stm32.10.3-2021.10.win32_1.0.100.202210260954/tools/bin/../lib/gcc/arm-none-eabi/10.3.1/../../../../arm-none-eabi/lib/thumb/v7e-m+fp/hard\libc_nano.a(lib_a-findfp.o)
                0x000000000800b1f8                __sinit
 .text.__sfp    0x000000000800b268       0x8c c:/st/stm32cubeide_1.11.0/stm32cubeide/plugins/com.st.stm32cube.ide.mcu.externaltools.gnu-tools-for-stm32.10.3-2021.10.win32_1.0.100.202210260954/tools/bin/../lib/gcc/arm-none-eabi/10.3.1/../../../../arm-none-eabi/lib/thumb/v7e-m+fp/hard\libc_nano.a(lib_a-findfp.o)
                0x000000000800b268                __sfp
 .text._fwalk_reent
                0x000000000800b2f4       0x3e c:/st/stm32cubeide_1.11.0/stm32cubeide/plugins/com.st.stm32cube.ide.mcu.externaltools.gnu-tools-for-stm32.10.3-2021.10.win32_1.0.100.202210260954/tools/bin/../lib/gcc/arm-none-eabi/10.3.1/../../../../arm-none-eabi/lib/thumb/v7e-m+fp/hard\libc_nano.a(lib_a-fwalk.o)
                0x000000000800b2f4                _fwalk_reent
 *fill*         0x000000000800b332        0x2 
 .text.__libc_init_array
                0x000000000800b334       0x48 c:/st/stm32cubeide_1.11.0/stm32cubeide/plugins/com.st.stm32cube.ide.mcu.externaltools.gnu-tools-for-stm32.10.3-2021.10.win32_1.0.100.202210260954/tools/bin/../lib/gcc/arm-none-eabi/10.3.1/../../../../arm-none-eabi/lib/thumb/v7e-m+fp/hard\libc_nano.a(lib_a-init.o)
                0x000000000800b334                __libc_init_array
 .text.__retarget_lock_init_recursive
                0x000000000800b37c        0x2 c:/st/stm32cubeide_1.11.0/stm32cubeide/plugins/com.st.stm32cube.ide.mcu.externaltools.gnu-tools-for-stm32.10.3-2021.10.win32_1.0.100.202210260954/tools/bin/../lib/gcc/arm-none-eabi/10.3.1/../../../../arm-none-eabi/lib/thumb/v7e-m+fp/hard\libc_nano.a(lib_a-lock.o)
                0x000000000800b37c                __retarget_lock_init_recursive
 .text.__retarget_lock_acquire_recursive
                0x000000000800b37e        0x2 c:/st/stm32cubeide_1.11.0/stm32cubeide/plugins/com.st.stm32cube.ide.mcu.externaltools.gnu-tools-for-stm32.10.3-2021.10.win32_1.0.100.202210260954/tools/bin/../lib/gcc/arm-none-eabi/10.3.1/../../../../arm-none-eabi/lib/thumb/v7e-m+fp/hard\libc_nano.a(lib_a-lock.o)
                0x000000000800b37e                __retarget_lock_acquire_recursive
 .text.__retarget_lock_release_recursive
                0x000000000800b380        0x2 c:/st/stm32cubeide_1.11.0/stm32cubeide/plugins/com.st.stm32cube.ide.mcu.externaltools.gnu-tools-for-stm32.10.3-2021.10.win32_1.0.100.202210260954/tools/bin/../lib/gcc/arm-none-eabi/10.3.1/../../../../arm-none-eabi/lib/thumb/v7e-m+fp/hard\libc_nano.a(lib_a-lock.o)
                0x000000000800b380                __retarget_lock_release_recursive
 .text.memcpy   0x000000000800b382       0x1c c:/st/stm32cubeide_1.11.0/stm32cubeide/plugins/com.st.stm32cube.ide.mcu.externaltools.gnu-tools-for-stm32.10.3-2021.10.win32_1.0.100.202210260954/tools/bin/../lib/gcc/arm-none-eabi/10.3.1/../../../../arm-none-eabi/lib/thumb/v7e-m+fp/hard\libc_nano.a(lib_a-memcpy-stub.o)
                0x000000000800b382                memcpy
 .text.memset   0x000000000800b39e       0x10 c:/st/stm32cubeide_1.11.0/stm32cubeide/plugins/com.st.stm32cube.ide.mcu.externaltools.gnu-tools-for-stm32.10.3-2021.10.win32_1.0.100.202210260954/tools/bin/../lib/gcc/arm-none-eabi/10.3.1/../../../../arm-none-eabi/lib/thumb/v7e-m+fp/hard\libc_nano.a(lib_a-memset.o)
                0x000000000800b39e                memset
 *fill*         0x000000000800b3ae        0x2 
 .text.sbrk_aligned
                0x000000000800b3b0       0x40 c:/st/stm32cubeide_1.11.0/stm32cubeide/plugins/com.st.stm32cube.ide.mcu.externaltools.gnu-tools-for-stm32.10.3-2021.10.win32_1.0.100.202210260954/tools/bin/../lib/gcc/arm-none-eabi/10.3.1/../../../../arm-none-eabi/lib/thumb/v7e-m+fp/hard\libc_nano.a(lib_a-nano-mallocr.o)
 .text._malloc_r
                0x000000000800b3f0       0xe8 c:/st/stm32cubeide_1.11.0/stm32cubeide/plugins/com.st.stm32cube.ide.mcu.externaltools.gnu-tools-for-stm32.10.3-2021.10.win32_1.0.100.202210260954/tools/bin/../lib/gcc/arm-none-eabi/10.3.1/../../../../arm-none-eabi/lib/thumb/v7e-m+fp/hard\libc_nano.a(lib_a-nano-mallocr.o)
                0x000000000800b3f0                _malloc_r
 .text.__cvt    0x000000000800b4d8       0xc4 c:/st/stm32cubeide_1.11.0/stm32cubeide/plugins/com.st.stm32cube.ide.mcu.externaltools.gnu-tools-for-stm32.10.3-2021.10.win32_1.0.100.202210260954/tools/bin/../lib/gcc/arm-none-eabi/10.3.1/../../../../arm-none-eabi/lib/thumb/v7e-m+fp/hard\libc_nano.a(lib_a-nano-vfprintf_float.o)
                0x000000000800b4d8                __cvt
 .text.__exponent
                0x000000000800b59c       0x7c c:/st/stm32cubeide_1.11.0/stm32cubeide/plugins/com.st.stm32cube.ide.mcu.externaltools.gnu-tools-for-stm32.10.3-2021.10.win32_1.0.100.202210260954/tools/bin/../lib/gcc/arm-none-eabi/10.3.1/../../../../arm-none-eabi/lib/thumb/v7e-m+fp/hard\libc_nano.a(lib_a-nano-vfprintf_float.o)
                0x000000000800b59c                __exponent
 .text._printf_float
                0x000000000800b618      0x46c c:/st/stm32cubeide_1.11.0/stm32cubeide/plugins/com.st.stm32cube.ide.mcu.externaltools.gnu-tools-for-stm32.10.3-2021.10.win32_1.0.100.202210260954/tools/bin/../lib/gcc/arm-none-eabi/10.3.1/../../../../arm-none-eabi/lib/thumb/v7e-m+fp/hard\libc_nano.a(lib_a-nano-vfprintf_float.o)
                0x000000000800b618                _printf_float
 .text._printf_common
                0x000000000800ba84       0xda c:/st/stm32cubeide_1.11.0/stm32cubeide/plugins/com.st.stm32cube.ide.mcu.externaltools.gnu-tools-for-stm32.10.3-2021.10.win32_1.0.100.202210260954/tools/bin/../lib/gcc/arm-none-eabi/10.3.1/../../../../arm-none-eabi/lib/thumb/v7e-m+fp/hard\libc_nano.a(lib_a-nano-vfprintf_i.o)
                0x000000000800ba84                _printf_common
 *fill*         0x000000000800bb5e        0x2 
 .text._printf_i
                0x000000000800bb60      0x24c c:/st/stm32cubeide_1.11.0/stm32cubeide/plugins/com.st.stm32cube.ide.mcu.externaltools.gnu-tools-for-stm32.10.3-2021.10.win32_1.0.100.202210260954/tools/bin/../lib/gcc/arm-none-eabi/10.3.1/../../../../arm-none-eabi/lib/thumb/v7e-m+fp/hard\libc_nano.a(lib_a-nano-vfprintf_i.o)
                0x000000000800bb60                _printf_i
 .text.cleanup_glue
                0x000000000800bdac       0x1a c:/st/stm32cubeide_1.11.0/stm32cubeide/plugins/com.st.stm32cube.ide.mcu.externaltools.gnu-tools-for-stm32.10.3-2021.10.win32_1.0.100.202210260954/tools/bin/../lib/gcc/arm-none-eabi/10.3.1/../../../../arm-none-eabi/lib/thumb/v7e-m+fp/hard\libc_nano.a(lib_a-reent.o)
                0x000000000800bdac                cleanup_glue
 *fill*         0x000000000800bdc6        0x2 
 .text._reclaim_reent
                0x000000000800bdc8       0xb8 c:/st/stm32cubeide_1.11.0/stm32cubeide/plugins/com.st.stm32cube.ide.mcu.externaltools.gnu-tools-for-stm32.10.3-2021.10.win32_1.0.100.202210260954/tools/bin/../lib/gcc/arm-none-eabi/10.3.1/../../../../arm-none-eabi/lib/thumb/v7e-m+fp/hard\libc_nano.a(lib_a-reent.o)
                0x000000000800bdc8                _reclaim_reent
 .text._sbrk_r  0x000000000800be80       0x20 c:/st/stm32cubeide_1.11.0/stm32cubeide/plugins/com.st.stm32cube.ide.mcu.externaltools.gnu-tools-for-stm32.10.3-2021.10.win32_1.0.100.202210260954/tools/bin/../lib/gcc/arm-none-eabi/10.3.1/../../../../arm-none-eabi/lib/thumb/v7e-m+fp/hard\libc_nano.a(lib_a-sbrkr.o)
                0x000000000800be80                _sbrk_r
 .text.sprintf  0x000000000800bea0       0x40 c:/st/stm32cubeide_1.11.0/stm32cubeide/plugins/com.st.stm32cube.ide.mcu.externaltools.gnu-tools-for-stm32.10.3-2021.10.win32_1.0.100.202210260954/tools/bin/../lib/gcc/arm-none-eabi/10.3.1/../../../../arm-none-eabi/lib/thumb/v7e-m+fp/hard\libc_nano.a(lib_a-sprintf.o)
                0x000000000800bea0                siprintf
                0x000000000800bea0                sprintf
 .text.__sread  0x000000000800bee0       0x22 c:/st/stm32cubeide_1.11.0/stm32cubeide/plugins/com.st.stm32cube.ide.mcu.externaltools.gnu-tools-for-stm32.10.3-2021.10.win32_1.0.100.202210260954/tools/bin/../lib/gcc/arm-none-eabi/10.3.1/../../../../arm-none-eabi/lib/thumb/v7e-m+fp/hard\libc_nano.a(lib_a-stdio.o)
                0x000000000800bee0                __sread
 .text.__swrite
                0x000000000800bf02       0x38 c:/st/stm32cubeide_1.11.0/stm32cubeide/plugins/com.st.stm32cube.ide.mcu.externaltools.gnu-tools-for-stm32.10.3-2021.10.win32_1.0.100.202210260954/tools/bin/../lib/gcc/arm-none-eabi/10.3.1/../../../../arm-none-eabi/lib/thumb/v7e-m+fp/hard\libc_nano.a(lib_a-stdio.o)
                0x000000000800bf02                __swrite
 .text.__sseek  0x000000000800bf3a       0x24 c:/st/stm32cubeide_1.11.0/stm32cubeide/plugins/com.st.stm32cube.ide.mcu.externaltools.gnu-tools-for-stm32.10.3-2021.10.win32_1.0.100.202210260954/tools/bin/../lib/gcc/arm-none-eabi/10.3.1/../../../../arm-none-eabi/lib/thumb/v7e-m+fp/hard\libc_nano.a(lib_a-stdio.o)
                0x000000000800bf3a                __sseek
 .text.__sclose
                0x000000000800bf5e        0x8 c:/st/stm32cubeide_1.11.0/stm32cubeide/plugins/com.st.stm32cube.ide.mcu.externaltools.gnu-tools-for-stm32.10.3-2021.10.win32_1.0.100.202210260954/tools/bin/../lib/gcc/arm-none-eabi/10.3.1/../../../../arm-none-eabi/lib/thumb/v7e-m+fp/hard\libc_nano.a(lib_a-stdio.o)
                0x000000000800bf5e                __sclose
 .text.strncmp  0x000000000800bf66       0x28 c:/st/stm32cubeide_1.11.0/stm32cubeide/plugins/com.st.stm32cube.ide.mcu.externaltools.gnu-tools-for-stm32.10.3-2021.10.win32_1.0.100.202210260954/tools/bin/../lib/gcc/arm-none-eabi/10.3.1/../../../../arm-none-eabi/lib/thumb/v7e-m+fp/hard\libc_nano.a(lib_a-strncmp.o)
                0x000000000800bf66                strncmp
 *fill*         0x000000000800bf8e        0x2 
 .text._write_r
                0x000000000800bf90       0x24 c:/st/stm32cubeide_1.11.0/stm32cubeide/plugins/com.st.stm32cube.ide.mcu.externaltools.gnu-tools-for-stm32.10.3-2021.10.win32_1.0.100.202210260954/tools/bin/../lib/gcc/arm-none-eabi/10.3.1/../../../../arm-none-eabi/lib/thumb/v7e-m+fp/hard\libc_nano.a(lib_a-writer.o)
                0x000000000800bf90                _write_r
 .text._close_r
                0x000000000800bfb4       0x20 c:/st/stm32cubeide_1.11.0/stm32cubeide/plugins/com.st.stm32cube.ide.mcu.externaltools.gnu-tools-for-stm32.10.3-2021.10.win32_1.0.100.202210260954/tools/bin/../lib/gcc/arm-none-eabi/10.3.1/../../../../arm-none-eabi/lib/thumb/v7e-m+fp/hard\libc_nano.a(lib_a-closer.o)
                0x000000000800bfb4                _close_r
 .text.quorem   0x000000000800bfd4      0x116 c:/st/stm32cubeide_1.11.0/stm32cubeide/plugins/com.st.stm32cube.ide.mcu.externaltools.gnu-tools-for-stm32.10.3-2021.10.win32_1.0.100.202210260954/tools/bin/../lib/gcc/arm-none-eabi/10.3.1/../../../../arm-none-eabi/lib/thumb/v7e-m+fp/hard\libc_nano.a(lib_a-dtoa.o)
 *fill*         0x000000000800c0ea        0x6 
 .text._dtoa_r  0x000000000800c0f0      0xbdc c:/st/stm32cubeide_1.11.0/stm32cubeide/plugins/com.st.stm32cube.ide.mcu.externaltools.gnu-tools-for-stm32.10.3-2021.10.win32_1.0.100.202210260954/tools/bin/../lib/gcc/arm-none-eabi/10.3.1/../../../../arm-none-eabi/lib/thumb/v7e-m+fp/hard\libc_nano.a(lib_a-dtoa.o)
                0x000000000800c0f0                _dtoa_r
 .text.__sflush_r
                0x000000000800cccc      0x10c c:/st/stm32cubeide_1.11.0/stm32cubeide/plugins/com.st.stm32cube.ide.mcu.externaltools.gnu-tools-for-stm32.10.3-2021.10.win32_1.0.100.202210260954/tools/bin/../lib/gcc/arm-none-eabi/10.3.1/../../../../arm-none-eabi/lib/thumb/v7e-m+fp/hard\libc_nano.a(lib_a-fflush.o)
                0x000000000800cccc                __sflush_r
 .text._fflush_r
                0x000000000800cdd8       0x78 c:/st/stm32cubeide_1.11.0/stm32cubeide/plugins/com.st.stm32cube.ide.mcu.externaltools.gnu-tools-for-stm32.10.3-2021.10.win32_1.0.100.202210260954/tools/bin/../lib/gcc/arm-none-eabi/10.3.1/../../../../arm-none-eabi/lib/thumb/v7e-m+fp/hard\libc_nano.a(lib_a-fflush.o)
                0x000000000800cdd8                _fflush_r
 .text._localeconv_r
                0x000000000800ce50        0x8 c:/st/stm32cubeide_1.11.0/stm32cubeide/plugins/com.st.stm32cube.ide.mcu.externaltools.gnu-tools-for-stm32.10.3-2021.10.win32_1.0.100.202210260954/tools/bin/../lib/gcc/arm-none-eabi/10.3.1/../../../../arm-none-eabi/lib/thumb/v7e-m+fp/hard\libc_nano.a(lib_a-localeconv.o)
                0x000000000800ce50                _localeconv_r
 .text._lseek_r
                0x000000000800ce58       0x24 c:/st/stm32cubeide_1.11.0/stm32cubeide/plugins/com.st.stm32cube.ide.mcu.externaltools.gnu-tools-for-stm32.10.3-2021.10.win32_1.0.100.202210260954/tools/bin/../lib/gcc/arm-none-eabi/10.3.1/../../../../arm-none-eabi/lib/thumb/v7e-m+fp/hard\libc_nano.a(lib_a-lseekr.o)
                0x000000000800ce58                _lseek_r
 .text.malloc   0x000000000800ce7c       0x10 c:/st/stm32cubeide_1.11.0/stm32cubeide/plugins/com.st.stm32cube.ide.mcu.externaltools.gnu-tools-for-stm32.10.3-2021.10.win32_1.0.100.202210260954/tools/bin/../lib/gcc/arm-none-eabi/10.3.1/../../../../arm-none-eabi/lib/thumb/v7e-m+fp/hard\libc_nano.a(lib_a-malloc.o)
                0x000000000800ce7c                malloc
 .text.__malloc_lock
                0x000000000800ce8c        0xc c:/st/stm32cubeide_1.11.0/stm32cubeide/plugins/com.st.stm32cube.ide.mcu.externaltools.gnu-tools-for-stm32.10.3-2021.10.win32_1.0.100.202210260954/tools/bin/../lib/gcc/arm-none-eabi/10.3.1/../../../../arm-none-eabi/lib/thumb/v7e-m+fp/hard\libc_nano.a(lib_a-mlock.o)
                0x000000000800ce8c                __malloc_lock
 .text.__malloc_unlock
                0x000000000800ce98        0xc c:/st/stm32cubeide_1.11.0/stm32cubeide/plugins/com.st.stm32cube.ide.mcu.externaltools.gnu-tools-for-stm32.10.3-2021.10.win32_1.0.100.202210260954/tools/bin/../lib/gcc/arm-none-eabi/10.3.1/../../../../arm-none-eabi/lib/thumb/v7e-m+fp/hard\libc_nano.a(lib_a-mlock.o)
                0x000000000800ce98                __malloc_unlock
 .text._Balloc  0x000000000800cea4       0x80 c:/st/stm32cubeide_1.11.0/stm32cubeide/plugins/com.st.stm32cube.ide.mcu.externaltools.gnu-tools-for-stm32.10.3-2021.10.win32_1.0.100.202210260954/tools/bin/../lib/gcc/arm-none-eabi/10.3.1/../../../../arm-none-eabi/lib/thumb/v7e-m+fp/hard\libc_nano.a(lib_a-mprec.o)
                0x000000000800cea4                _Balloc
 .text._Bfree   0x000000000800cf24       0x44 c:/st/stm32cubeide_1.11.0/stm32cubeide/plugins/com.st.stm32cube.ide.mcu.externaltools.gnu-tools-for-stm32.10.3-2021.10.win32_1.0.100.202210260954/tools/bin/../lib/gcc/arm-none-eabi/10.3.1/../../../../arm-none-eabi/lib/thumb/v7e-m+fp/hard\libc_nano.a(lib_a-mprec.o)
                0x000000000800cf24                _Bfree
 .text.__multadd
                0x000000000800cf68       0x8c c:/st/stm32cubeide_1.11.0/stm32cubeide/plugins/com.st.stm32cube.ide.mcu.externaltools.gnu-tools-for-stm32.10.3-2021.10.win32_1.0.100.202210260954/tools/bin/../lib/gcc/arm-none-eabi/10.3.1/../../../../arm-none-eabi/lib/thumb/v7e-m+fp/hard\libc_nano.a(lib_a-mprec.o)
                0x000000000800cf68                __multadd
 .text.__hi0bits
                0x000000000800cff4       0x40 c:/st/stm32cubeide_1.11.0/stm32cubeide/plugins/com.st.stm32cube.ide.mcu.externaltools.gnu-tools-for-stm32.10.3-2021.10.win32_1.0.100.202210260954/tools/bin/../lib/gcc/arm-none-eabi/10.3.1/../../../../arm-none-eabi/lib/thumb/v7e-m+fp/hard\libc_nano.a(lib_a-mprec.o)
                0x000000000800cff4                __hi0bits
 .text.__lo0bits
                0x000000000800d034       0x5e c:/st/stm32cubeide_1.11.0/stm32cubeide/plugins/com.st.stm32cube.ide.mcu.externaltools.gnu-tools-for-stm32.10.3-2021.10.win32_1.0.100.202210260954/tools/bin/../lib/gcc/arm-none-eabi/10.3.1/../../../../arm-none-eabi/lib/thumb/v7e-m+fp/hard\libc_nano.a(lib_a-mprec.o)
                0x000000000800d034                __lo0bits
 *fill*         0x000000000800d092        0x2 
 .text.__i2b    0x000000000800d094       0x2c c:/st/stm32cubeide_1.11.0/stm32cubeide/plugins/com.st.stm32cube.ide.mcu.externaltools.gnu-tools-for-stm32.10.3-2021.10.win32_1.0.100.202210260954/tools/bin/../lib/gcc/arm-none-eabi/10.3.1/../../../../arm-none-eabi/lib/thumb/v7e-m+fp/hard\libc_nano.a(lib_a-mprec.o)
                0x000000000800d094                __i2b
 .text.__multiply
                0x000000000800d0c0      0x154 c:/st/stm32cubeide_1.11.0/stm32cubeide/plugins/com.st.stm32cube.ide.mcu.externaltools.gnu-tools-for-stm32.10.3-2021.10.win32_1.0.100.202210260954/tools/bin/../lib/gcc/arm-none-eabi/10.3.1/../../../../arm-none-eabi/lib/thumb/v7e-m+fp/hard\libc_nano.a(lib_a-mprec.o)
                0x000000000800d0c0                __multiply
 .text.__pow5mult
                0x000000000800d214       0xb4 c:/st/stm32cubeide_1.11.0/stm32cubeide/plugins/com.st.stm32cube.ide.mcu.externaltools.gnu-tools-for-stm32.10.3-2021.10.win32_1.0.100.202210260954/tools/bin/../lib/gcc/arm-none-eabi/10.3.1/../../../../arm-none-eabi/lib/thumb/v7e-m+fp/hard\libc_nano.a(lib_a-mprec.o)
                0x000000000800d214                __pow5mult
 .text.__lshift
                0x000000000800d2c8       0xe0 c:/st/stm32cubeide_1.11.0/stm32cubeide/plugins/com.st.stm32cube.ide.mcu.externaltools.gnu-tools-for-stm32.10.3-2021.10.win32_1.0.100.202210260954/tools/bin/../lib/gcc/arm-none-eabi/10.3.1/../../../../arm-none-eabi/lib/thumb/v7e-m+fp/hard\libc_nano.a(lib_a-mprec.o)
                0x000000000800d2c8                __lshift
 .text.__mcmp   0x000000000800d3a8       0x38 c:/st/stm32cubeide_1.11.0/stm32cubeide/plugins/com.st.stm32cube.ide.mcu.externaltools.gnu-tools-for-stm32.10.3-2021.10.win32_1.0.100.202210260954/tools/bin/../lib/gcc/arm-none-eabi/10.3.1/../../../../arm-none-eabi/lib/thumb/v7e-m+fp/hard\libc_nano.a(lib_a-mprec.o)
                0x000000000800d3a8                __mcmp
 .text.__mdiff  0x000000000800d3e0      0x114 c:/st/stm32cubeide_1.11.0/stm32cubeide/plugins/com.st.stm32cube.ide.mcu.externaltools.gnu-tools-for-stm32.10.3-2021.10.win32_1.0.100.202210260954/tools/bin/../lib/gcc/arm-none-eabi/10.3.1/../../../../arm-none-eabi/lib/thumb/v7e-m+fp/hard\libc_nano.a(lib_a-mprec.o)
                0x000000000800d3e0                __mdiff
 .text.__d2b    0x000000000800d4f4       0xb8 c:/st/stm32cubeide_1.11.0/stm32cubeide/plugins/com.st.stm32cube.ide.mcu.externaltools.gnu-tools-for-stm32.10.3-2021.10.win32_1.0.100.202210260954/tools/bin/../lib/gcc/arm-none-eabi/10.3.1/../../../../arm-none-eabi/lib/thumb/v7e-m+fp/hard\libc_nano.a(lib_a-mprec.o)
                0x000000000800d4f4                __d2b
 .text._calloc_r
                0x000000000800d5ac       0x2c c:/st/stm32cubeide_1.11.0/stm32cubeide/plugins/com.st.stm32cube.ide.mcu.externaltools.gnu-tools-for-stm32.10.3-2021.10.win32_1.0.100.202210260954/tools/bin/../lib/gcc/arm-none-eabi/10.3.1/../../../../arm-none-eabi/lib/thumb/v7e-m+fp/hard\libc_nano.a(lib_a-nano-callocr.o)
                0x000000000800d5ac                _calloc_r
 .text._free_r  0x000000000800d5d8       0x98 c:/st/stm32cubeide_1.11.0/stm32cubeide/plugins/com.st.stm32cube.ide.mcu.externaltools.gnu-tools-for-stm32.10.3-2021.10.win32_1.0.100.202210260954/tools/bin/../lib/gcc/arm-none-eabi/10.3.1/../../../../arm-none-eabi/lib/thumb/v7e-m+fp/hard\libc_nano.a(lib_a-nano-freer.o)
                0x000000000800d5d8                _free_r
 .text.__ssputs_r
                0x000000000800d670       0xb6 c:/st/stm32cubeide_1.11.0/stm32cubeide/plugins/com.st.stm32cube.ide.mcu.externaltools.gnu-tools-for-stm32.10.3-2021.10.win32_1.0.100.202210260954/tools/bin/../lib/gcc/arm-none-eabi/10.3.1/../../../../arm-none-eabi/lib/thumb/v7e-m+fp/hard\libc_nano.a(lib_a-nano-svfprintf.o)
                0x000000000800d670                __ssputs_r
 *fill*         0x000000000800d726        0x2 
 .text._svfprintf_r
                0x000000000800d728      0x200 c:/st/stm32cubeide_1.11.0/stm32cubeide/plugins/com.st.stm32cube.ide.mcu.externaltools.gnu-tools-for-stm32.10.3-2021.10.win32_1.0.100.202210260954/tools/bin/../lib/gcc/arm-none-eabi/10.3.1/../../../../arm-none-eabi/lib/thumb/v7e-m+fp/hard\libc_nano.a(lib_a-nano-svfprintf.o)
                0x000000000800d728                _svfiprintf_r
                0x000000000800d728                _svfprintf_r
 .text._read_r  0x000000000800d928       0x24 c:/st/stm32cubeide_1.11.0/stm32cubeide/plugins/com.st.stm32cube.ide.mcu.externaltools.gnu-tools-for-stm32.10.3-2021.10.win32_1.0.100.202210260954/tools/bin/../lib/gcc/arm-none-eabi/10.3.1/../../../../arm-none-eabi/lib/thumb/v7e-m+fp/hard\libc_nano.a(lib_a-readr.o)
                0x000000000800d928                _read_r
 .text.__assert_func
                0x000000000800d94c       0x3c c:/st/stm32cubeide_1.11.0/stm32cubeide/plugins/com.st.stm32cube.ide.mcu.externaltools.gnu-tools-for-stm32.10.3-2021.10.win32_1.0.100.202210260954/tools/bin/../lib/gcc/arm-none-eabi/10.3.1/../../../../arm-none-eabi/lib/thumb/v7e-m+fp/hard\libc_nano.a(lib_a-assert.o)
                0x000000000800d94c                __assert_func
 .text.fprintf  0x000000000800d988       0x24 c:/st/stm32cubeide_1.11.0/stm32cubeide/plugins/com.st.stm32cube.ide.mcu.externaltools.gnu-tools-for-stm32.10.3-2021.10.win32_1.0.100.202210260954/tools/bin/../lib/gcc/arm-none-eabi/10.3.1/../../../../arm-none-eabi/lib/thumb/v7e-m+fp/hard\libc_nano.a(lib_a-fprintf.o)
                0x000000000800d988                fiprintf
                0x000000000800d988                fprintf
 .text.__ascii_mbtowc
                0x000000000800d9ac       0x24 c:/st/stm32cubeide_1.11.0/stm32cubeide/plugins/com.st.stm32cube.ide.mcu.externaltools.gnu-tools-for-stm32.10.3-2021.10.win32_1.0.100.202210260954/tools/bin/../lib/gcc/arm-none-eabi/10.3.1/../../../../arm-none-eabi/lib/thumb/v7e-m+fp/hard\libc_nano.a(lib_a-mbtowc_r.o)
                0x000000000800d9ac                __ascii_mbtowc
 .text.memmove  0x000000000800d9d0       0x34 c:/st/stm32cubeide_1.11.0/stm32cubeide/plugins/com.st.stm32cube.ide.mcu.externaltools.gnu-tools-for-stm32.10.3-2021.10.win32_1.0.100.202210260954/tools/bin/../lib/gcc/arm-none-eabi/10.3.1/../../../../arm-none-eabi/lib/thumb/v7e-m+fp/hard\libc_nano.a(lib_a-memmove.o)
                0x000000000800d9d0                memmove
 .text._realloc_r
                0x000000000800da04       0x5e c:/st/stm32cubeide_1.11.0/stm32cubeide/plugins/com.st.stm32cube.ide.mcu.externaltools.gnu-tools-for-stm32.10.3-2021.10.win32_1.0.100.202210260954/tools/bin/../lib/gcc/arm-none-eabi/10.3.1/../../../../arm-none-eabi/lib/thumb/v7e-m+fp/hard\libc_nano.a(lib_a-nano-reallocr.o)
                0x000000000800da04                _realloc_r
 .text.__sfputc_r
                0x000000000800da62       0x2e c:/st/stm32cubeide_1.11.0/stm32cubeide/plugins/com.st.stm32cube.ide.mcu.externaltools.gnu-tools-for-stm32.10.3-2021.10.win32_1.0.100.202210260954/tools/bin/../lib/gcc/arm-none-eabi/10.3.1/../../../../arm-none-eabi/lib/thumb/v7e-m+fp/hard\libc_nano.a(lib_a-nano-vfprintf.o)
 .text.__sfputs_r
                0x000000000800da90       0x24 c:/st/stm32cubeide_1.11.0/stm32cubeide/plugins/com.st.stm32cube.ide.mcu.externaltools.gnu-tools-for-stm32.10.3-2021.10.win32_1.0.100.202210260954/tools/bin/../lib/gcc/arm-none-eabi/10.3.1/../../../../arm-none-eabi/lib/thumb/v7e-m+fp/hard\libc_nano.a(lib_a-nano-vfprintf.o)
                0x000000000800da90                __sfputs_r
 .text._vfprintf_r
                0x000000000800dab4      0x260 c:/st/stm32cubeide_1.11.0/stm32cubeide/plugins/com.st.stm32cube.ide.mcu.externaltools.gnu-tools-for-stm32.10.3-2021.10.win32_1.0.100.202210260954/tools/bin/../lib/gcc/arm-none-eabi/10.3.1/../../../../arm-none-eabi/lib/thumb/v7e-m+fp/hard\libc_nano.a(lib_a-nano-vfprintf.o)
                0x000000000800dab4                _vfprintf_r
                0x000000000800dab4                _vfiprintf_r
 .text.__swbuf_r
                0x000000000800dd14       0xa4 c:/st/stm32cubeide_1.11.0/stm32cubeide/plugins/com.st.stm32cube.ide.mcu.externaltools.gnu-tools-for-stm32.10.3-2021.10.win32_1.0.100.202210260954/tools/bin/../lib/gcc/arm-none-eabi/10.3.1/../../../../arm-none-eabi/lib/thumb/v7e-m+fp/hard\libc_nano.a(lib_a-wbuf.o)
                0x000000000800dd14                __swbuf_r
 .text.__ascii_wctomb
                0x000000000800ddb8       0x1a c:/st/stm32cubeide_1.11.0/stm32cubeide/plugins/com.st.stm32cube.ide.mcu.externaltools.gnu-tools-for-stm32.10.3-2021.10.win32_1.0.100.202210260954/tools/bin/../lib/gcc/arm-none-eabi/10.3.1/../../../../arm-none-eabi/lib/thumb/v7e-m+fp/hard\libc_nano.a(lib_a-wctomb_r.o)
                0x000000000800ddb8                __ascii_wctomb
 *fill*         0x000000000800ddd2        0x2 
 .text.__swsetup_r
                0x000000000800ddd4       0xdc c:/st/stm32cubeide_1.11.0/stm32cubeide/plugins/com.st.stm32cube.ide.mcu.externaltools.gnu-tools-for-stm32.10.3-2021.10.win32_1.0.100.202210260954/tools/bin/../lib/gcc/arm-none-eabi/10.3.1/../../../../arm-none-eabi/lib/thumb/v7e-m+fp/hard\libc_nano.a(lib_a-wsetup.o)
                0x000000000800ddd4                __swsetup_r
 .text.abort    0x000000000800deb0        0xe c:/st/stm32cubeide_1.11.0/stm32cubeide/plugins/com.st.stm32cube.ide.mcu.externaltools.gnu-tools-for-stm32.10.3-2021.10.win32_1.0.100.202210260954/tools/bin/../lib/gcc/arm-none-eabi/10.3.1/../../../../arm-none-eabi/lib/thumb/v7e-m+fp/hard\libc_nano.a(lib_a-abort.o)
                0x000000000800deb0                abort
 .text.__swhatbuf_r
                0x000000000800debe       0x4a c:/st/stm32cubeide_1.11.0/stm32cubeide/plugins/com.st.stm32cube.ide.mcu.externaltools.gnu-tools-for-stm32.10.3-2021.10.win32_1.0.100.202210260954/tools/bin/../lib/gcc/arm-none-eabi/10.3.1/../../../../arm-none-eabi/lib/thumb/v7e-m+fp/hard\libc_nano.a(lib_a-makebuf.o)
                0x000000000800debe                __swhatbuf_r
 .text.__smakebuf_r
                0x000000000800df08       0x80 c:/st/stm32cubeide_1.11.0/stm32cubeide/plugins/com.st.stm32cube.ide.mcu.externaltools.gnu-tools-for-stm32.10.3-2021.10.win32_1.0.100.202210260954/tools/bin/../lib/gcc/arm-none-eabi/10.3.1/../../../../arm-none-eabi/lib/thumb/v7e-m+fp/hard\libc_nano.a(lib_a-makebuf.o)
                0x000000000800df08                __smakebuf_r
 .text._malloc_usable_size_r
                0x000000000800df88       0x10 c:/st/stm32cubeide_1.11.0/stm32cubeide/plugins/com.st.stm32cube.ide.mcu.externaltools.gnu-tools-for-stm32.10.3-2021.10.win32_1.0.100.202210260954/tools/bin/../lib/gcc/arm-none-eabi/10.3.1/../../../../arm-none-eabi/lib/thumb/v7e-m+fp/hard\libc_nano.a(lib_a-nano-msizer.o)
                0x000000000800df88                _malloc_usable_size_r
 .text._raise_r
                0x000000000800df98       0x50 c:/st/stm32cubeide_1.11.0/stm32cubeide/plugins/com.st.stm32cube.ide.mcu.externaltools.gnu-tools-for-stm32.10.3-2021.10.win32_1.0.100.202210260954/tools/bin/../lib/gcc/arm-none-eabi/10.3.1/../../../../arm-none-eabi/lib/thumb/v7e-m+fp/hard\libc_nano.a(lib_a-signal.o)
                0x000000000800df98                _raise_r
 .text.raise    0x000000000800dfe8       0x10 c:/st/stm32cubeide_1.11.0/stm32cubeide/plugins/com.st.stm32cube.ide.mcu.externaltools.gnu-tools-for-stm32.10.3-2021.10.win32_1.0.100.202210260954/tools/bin/../lib/gcc/arm-none-eabi/10.3.1/../../../../arm-none-eabi/lib/thumb/v7e-m+fp/hard\libc_nano.a(lib_a-signal.o)
                0x000000000800dfe8                raise
 .text._kill_r  0x000000000800dff8       0x24 c:/st/stm32cubeide_1.11.0/stm32cubeide/plugins/com.st.stm32cube.ide.mcu.externaltools.gnu-tools-for-stm32.10.3-2021.10.win32_1.0.100.202210260954/tools/bin/../lib/gcc/arm-none-eabi/10.3.1/../../../../arm-none-eabi/lib/thumb/v7e-m+fp/hard\libc_nano.a(lib_a-signalr.o)
                0x000000000800dff8                _kill_r
 .text._getpid_r
                0x000000000800e01c        0x4 c:/st/stm32cubeide_1.11.0/stm32cubeide/plugins/com.st.stm32cube.ide.mcu.externaltools.gnu-tools-for-stm32.10.3-2021.10.win32_1.0.100.202210260954/tools/bin/../lib/gcc/arm-none-eabi/10.3.1/../../../../arm-none-eabi/lib/thumb/v7e-m+fp/hard\libc_nano.a(lib_a-signalr.o)
                0x000000000800e01c                _getpid_r
 .text._fstat_r