../Core/Src/main.c:105:6:HAL_GPIO_EXTI_Callback	16	static
../Core/Src/main.c:119:5:main	184	static
../Core/Src/main.c:231:6:SystemClock_Config	88	static
../Core/Src/main.c:278:13:MX_ADC1_Init	24	static
../Core/Src/main.c:339:13:MX_I2C1_Init	8	static
../Core/Src/main.c:373:13:MX_TIM2_Init	32	static
../Core/Src/main.c:418:13:MX_TIM3_Init	32	static
../Core/Src/main.c:463:13:MX_USART2_UART_Init	8	static
../Core/Src/main.c:494:13:MX_DMA_Init	16	static
../Core/Src/main.c:512:13:MX_GPIO_Init	48	static
../Core/Src/main.c:566:6:setRGB	16	static
../Core/Src/main.c:576:6:swapChar	24	static
../Core/Src/main.c:584:6:HAL_ADC_ConvHalfCpltCallback	16	static
../Core/Src/main.c:591:6:HAL_ADC_ConvCpltCallback	16	static
../Core/Src/main.c:606:6:StartDefaultTask	16	static
../Core/Src/main.c:625:6:StartBlinkyTask	24	static
../Core/Src/main.c:645:6:StartAdcTask	48	static
../Core/Src/main.c:711:6:StartRgbTask	32	static
../Core/Src/main.c:776:6:StartLcdPrintTask	56	static
../Core/Src/main.c:822:6:StartCountingTask	16	static
../Core/Src/main.c:855:6:HAL_TIM_PeriodElapsedCallback	16	static
../Core/Src/main.c:872:6:Error_Handler	4	static,ignoring_inline_asm
