../Core/Tracelyzer/trcKernelPort.c:143:13:xTraceKernelPortDelay	16	static
../Core/Tracelyzer/trcKernelPort.c:150:15:xTraceKernelPortIsSchedulerSuspended	8	static
../Core/Tracelyzer/trcKernelPort.c:293:10:prvTraceGetQueueNumber	16	static
../Core/Tracelyzer/trcKernelPort.c:300:9:prvTraceGetQueueType	16	static
../Core/Tracelyzer/trcKernelPort.c:307:10:prvTraceGetTaskNumberLow16	16	static
../Core/Tracelyzer/trcKernelPort.c:312:10:prvTraceGetTaskNumberHigh16	16	static
../Core/Tracelyzer/trcKernelPort.c:317:6:prvTraceSetTaskNumberLow16	16	static
../Core/Tracelyzer/trcKernelPort.c:322:6:prvTraceSetTaskNumberHigh16	16	static
../Core/Tracelyzer/trcKernelPort.c:327:10:prvTraceGetQueueNumberLow16	16	static
../Core/Tracelyzer/trcKernelPort.c:332:10:prvTraceGetQueueNumberHigh16	16	static
../Core/Tracelyzer/trcKernelPort.c:337:6:prvTraceSetQueueNumberLow16	16	static
../Core/Tracelyzer/trcKernelPort.c:342:6:prvTraceSetQueueNumberHigh16	16	static
../Core/Tracelyzer/trcKernelPort.c:349:10:prvTraceGetTimerNumberLow16	16	static
../Core/Tracelyzer/trcKernelPort.c:354:10:prvTraceGetTimerNumberHigh16	16	static
../Core/Tracelyzer/trcKernelPort.c:359:6:prvTraceSetTimerNumberLow16	16	static
../Core/Tracelyzer/trcKernelPort.c:364:6:prvTraceSetTimerNumberHigh16	16	static
../Core/Tracelyzer/trcKernelPort.c:373:10:prvTraceGetEventGroupNumberLow16	16	static
../Core/Tracelyzer/trcKernelPort.c:378:10:prvTraceGetEventGroupNumberHigh16	16	static
../Core/Tracelyzer/trcKernelPort.c:383:6:prvTraceSetEventGroupNumberLow16	16	static
../Core/Tracelyzer/trcKernelPort.c:388:6:prvTraceSetEventGroupNumberHigh16	16	static
../Core/Tracelyzer/trcKernelPort.c:397:10:prvTraceGetStreamBufferNumberLow16	16	static
../Core/Tracelyzer/trcKernelPort.c:402:10:prvTraceGetStreamBufferNumberHigh16	16	static
../Core/Tracelyzer/trcKernelPort.c:407:6:prvTraceSetStreamBufferNumberLow16	16	static
../Core/Tracelyzer/trcKernelPort.c:412:6:prvTraceSetStreamBufferNumberHigh16	16	static
../Core/Tracelyzer/trcKernelPort.c:437:6:vTraceSetQueueName	16	static
../Core/Tracelyzer/trcKernelPort.c:442:6:vTraceSetSemaphoreName	16	static
../Core/Tracelyzer/trcKernelPort.c:447:6:vTraceSetMutexName	16	static
../Core/Tracelyzer/trcKernelPort.c:454:6:vTraceSetEventGroupName	16	static
../Core/Tracelyzer/trcKernelPort.c:463:6:vTraceSetStreamBufferName	16	static
../Core/Tracelyzer/trcKernelPort.c:468:6:vTraceSetMessageBufferName	16	static
../Core/Tracelyzer/trcKernelPort.c:477:7:prvTraceGetCurrentTaskHandle	8	static
../Core/Tracelyzer/trcKernelPort.c:482:13:xTraceKernelPortInitialize	16	static
../Core/Tracelyzer/trcKernelPort.c:489:13:xTraceKernelPortEnable	4	static
../Core/Tracelyzer/trcKernelPort.c:534:13:xTraceKernelPortInitObjectPropertyTable	4	static
../Core/Tracelyzer/trcKernelPort.c:578:13:xTraceKernelPortInitObjectHandleStack	16	static
../Core/Tracelyzer/trcKernelPort.c:615:13:pszTraceGetErrorNotEnoughHandles	16	static
