../Core/Tracelyzer/trcSnapshotRecorder.c:314:13:xTraceGetEventBuffer	16	static
../Core/Tracelyzer/trcSnapshotRecorder.c:327:13:xTraceEnable	16	static
../Core/Tracelyzer/trcSnapshotRecorder.c:363:13:xTraceDisable	8	static
../Core/Tracelyzer/trcSnapshotRecorder.c:370:6:vTraceSetStopHook	16	static
../Core/Tracelyzer/trcSnapshotRecorder.c:375:6:vTraceClear	24	static,ignoring_inline_asm
../Core/Tracelyzer/trcSnapshotRecorder.c:391:13:prvTraceStart	32	static,ignoring_inline_asm
../Core/Tracelyzer/trcSnapshotRecorder.c:435:13:prvTraceStop	8	static
../Core/Tracelyzer/trcSnapshotRecorder.c:452:10:xTraceIsRecorderEnabled	4	static
../Core/Tracelyzer/trcSnapshotRecorder.c:469:10:xTraceIsRecorderInitialized	4	static
../Core/Tracelyzer/trcSnapshotRecorder.c:480:13:xTraceErrorGetLast	4	static
../Core/Tracelyzer/trcSnapshotRecorder.c:493:6:vTraceClearError	4	static
../Core/Tracelyzer/trcSnapshotRecorder.c:510:7:xTraceGetTraceBuffer	4	static
../Core/Tracelyzer/trcSnapshotRecorder.c:522:10:uiTraceGetTraceBufferSize	4	static
../Core/Tracelyzer/trcSnapshotRecorder.c:535:13:prvTraceInitTimestamps	4	static
../Core/Tracelyzer/trcSnapshotRecorder.c:545:13:prvTraceTaskInstanceFinish	40	static,ignoring_inline_asm
../Core/Tracelyzer/trcSnapshotRecorder.c:593:13:xTraceTaskInstanceFinishedNext	8	static
../Core/Tracelyzer/trcSnapshotRecorder.c:624:13:xTraceTaskInstanceFinishedNow	8	static
../Core/Tracelyzer/trcSnapshotRecorder.c:637:13:xTraceISRRegister	24	static
../Core/Tracelyzer/trcSnapshotRecorder.c:655:14:xTraceSetISRProperties	24	static
../Core/Tracelyzer/trcSnapshotRecorder.c:664:13:xTraceISRBegin	40	static,ignoring_inline_asm
../Core/Tracelyzer/trcSnapshotRecorder.c:725:13:xTraceISREnd	48	static,ignoring_inline_asm
../Core/Tracelyzer/trcSnapshotRecorder.c:819:16:writeInt8	16	static
../Core/Tracelyzer/trcSnapshotRecorder.c:840:16:writeInt16	16	static
../Core/Tracelyzer/trcSnapshotRecorder.c:868:16:writeInt32	24	static
../Core/Tracelyzer/trcSnapshotRecorder.c:964:16:prvTraceUserEventFormat	32	static
../Core/Tracelyzer/trcSnapshotRecorder.c:1405:13:xTracePrintF	28	static
../Core/Tracelyzer/trcSnapshotRecorder.c:1425:13:xTraceVPrintF	88	static,ignoring_inline_asm
../Core/Tracelyzer/trcSnapshotRecorder.c:1552:13:xTracePrint	40	static,ignoring_inline_asm
../Core/Tracelyzer/trcSnapshotRecorder.c:1610:13:xTraceStringRegister	16	static
../Core/Tracelyzer/trcSnapshotRecorder.c:1621:21:xTraceRegisterString	24	static
../Core/Tracelyzer/trcSnapshotRecorder.c:1630:13:xTraceInitialize	8	static
../Core/Tracelyzer/trcSnapshotRecorder.c:1776:6:prvTraceSetReadyEventsEnabled	16	static
../Core/Tracelyzer/trcSnapshotRecorder.c:1786:6:prvTraceStoreTaskReady	40	static,ignoring_inline_asm
../Core/Tracelyzer/trcSnapshotRecorder.c:1850:6:prvTraceStoreLowPower	40	static,ignoring_inline_asm
../Core/Tracelyzer/trcSnapshotRecorder.c:1900:6:vTraceStoreMemMangEvent	64	static,ignoring_inline_asm
../Core/Tracelyzer/trcSnapshotRecorder.c:1985:6:prvTraceStoreKernelCall	48	static,ignoring_inline_asm
../Core/Tracelyzer/trcSnapshotRecorder.c:2046:6:prvTraceStoreKernelCallWithParam	48	static,ignoring_inline_asm
../Core/Tracelyzer/trcSnapshotRecorder.c:2109:17:prvTraceGetParam	24	static
../Core/Tracelyzer/trcSnapshotRecorder.c:2143:6:prvTraceStoreKernelCallWithNumericParamOnly	48	static,ignoring_inline_asm
../Core/Tracelyzer/trcSnapshotRecorder.c:2193:6:prvTraceStoreTaskswitch	40	static,ignoring_inline_asm
../Core/Tracelyzer/trcSnapshotRecorder.c:2253:6:prvTraceStoreObjectNameOnCloseEvent	40	static
../Core/Tracelyzer/trcSnapshotRecorder.c:2283:6:prvTraceStoreObjectPropertiesOnCloseEvent	32	static
../Core/Tracelyzer/trcSnapshotRecorder.c:2313:6:prvTraceSetPriorityProperty	24	static
../Core/Tracelyzer/trcSnapshotRecorder.c:2323:9:prvTraceGetPriorityProperty	24	static
../Core/Tracelyzer/trcSnapshotRecorder.c:2333:6:prvTraceSetObjectState	24	static
../Core/Tracelyzer/trcSnapshotRecorder.c:2343:9:prvTraceGetObjectState	24	static
../Core/Tracelyzer/trcSnapshotRecorder.c:2353:6:prvTraceSetTaskInstanceFinished	24	static
../Core/Tracelyzer/trcSnapshotRecorder.c:2366:7:prvTraceNextFreeEventBufferSlot	8	static
../Core/Tracelyzer/trcSnapshotRecorder.c:2383:10:uiIndexOfObject	24	static
../Core/Tracelyzer/trcSnapshotRecorder.c:2403:13:prvTraceGetObjectHandle	40	static,ignoring_inline_asm
../Core/Tracelyzer/trcSnapshotRecorder.c:2455:6:prvTraceFreeObjectHandle	24	static
../Core/Tracelyzer/trcSnapshotRecorder.c:2487:6:prvMarkObjectAsUsed	24	static
../Core/Tracelyzer/trcSnapshotRecorder.c:2498:13:prvStrncpy	32	static
../Core/Tracelyzer/trcSnapshotRecorder.c:2515:6:prvTraceSetObjectName	16	static
../Core/Tracelyzer/trcSnapshotRecorder.c:2556:21:prvTraceOpenSymbol	40	static,ignoring_inline_asm
../Core/Tracelyzer/trcSnapshotRecorder.c:2595:6:vTraceSetFrequency	16	static
../Core/Tracelyzer/trcSnapshotRecorder.c:2616:6:prvTraceError	16	static
../Core/Tracelyzer/trcSnapshotRecorder.c:2636:6:vTraceSetFilterMask	16	static
../Core/Tracelyzer/trcSnapshotRecorder.c:2641:6:vTraceSetFilterGroup	16	static
../Core/Tracelyzer/trcSnapshotRecorder.c:2662:6:prvCheckDataToBeOverwrittenForMultiEntryEvents	32	static
../Core/Tracelyzer/trcSnapshotRecorder.c:2707:6:prvTraceUpdateCounters	8	static
../Core/Tracelyzer/trcSnapshotRecorder.c:2743:10:prvTraceGetDTS	32	static
../Core/Tracelyzer/trcSnapshotRecorder.c:2861:21:prvTraceLookupSymbolTableEntry	32	static
../Core/Tracelyzer/trcSnapshotRecorder.c:2904:21:prvTraceCreateSymbolTableEntry	32	static
../Core/Tracelyzer/trcSnapshotRecorder.c:2965:6:prvTraceGetChecksum	40	static
../Core/Tracelyzer/trcSnapshotRecorder.c:3037:6:xTraceHardwarePortInitCortexM	8	static
../Core/Tracelyzer/trcSnapshotRecorder.c:3102:6:prvTracePortGetTimeStamp	32	static
